../Core/Src/main.c:369:13:MX_TIM4_Init	4
../Core/Src/main.c:414:13:MX_TIM7_Init	3
../Core/Src/main.c:294:13:MX_TIM1_Init	7
../Core/Src/main.c:659:6:StartTaskFlow	1
../Core/Src/main.c:701:6:StartTaskIAIX	5
../Core/Src/main.c:765:6:StartTaskIAIY	5
../Core/Src/main.c:793:6:StartTaskIAIZ	5
../Core/Src/main.c:681:6:StartTaskGPIO	1
../Core/Src/main.c:728:6:StartTaskCOM	1
../Core/Src/main.c:820:6:StartTaskIAI	2
../Core/Src/main.c:248:6:SystemClock_Config	3
../Core/Src/main.c:135:5:main	1
../Core/Src/main.c:842:6:Error_Handler	1
