Archive member included to satisfy reference by file (symbol)

C:/ST/STM32CubeIDE_1.19.0/STM32CubeIDE/plugins/com.st.stm32cube.ide.mcu.externaltools.gnu-tools-for-stm32.13.3.rel1.win32_1.0.0.202411081344/tools/bin/../lib/gcc/arm-none-eabi/13.3.1/../../../../arm-none-eabi/lib/thumb/v7e-m+fp/hard\libc_nano.a(libc_a-exit.o)
                              C:/ST/STM32CubeIDE_1.19.0/STM32CubeIDE/plugins/com.st.stm32cube.ide.mcu.externaltools.gnu-tools-for-stm32.13.3.rel1.win32_1.0.0.202411081344/tools/bin/../lib/gcc/arm-none-eabi/13.3.1/../../../../arm-none-eabi/lib/thumb/v7e-m+fp/hard/crt0.o (exit)
C:/ST/STM32CubeIDE_1.19.0/STM32CubeIDE/plugins/com.st.stm32cube.ide.mcu.externaltools.gnu-tools-for-stm32.13.3.rel1.win32_1.0.0.202411081344/tools/bin/../lib/gcc/arm-none-eabi/13.3.1/../../../../arm-none-eabi/lib/thumb/v7e-m+fp/hard\libc_nano.a(libc_a-findfp.o)
                              C:/ST/STM32CubeIDE_1.19.0/STM32CubeIDE/plugins/com.st.stm32cube.ide.mcu.externaltools.gnu-tools-for-stm32.13.3.rel1.win32_1.0.0.202411081344/tools/bin/../lib/gcc/arm-none-eabi/13.3.1/../../../../arm-none-eabi/lib/thumb/v7e-m+fp/hard\libc_nano.a(libc_a-exit.o) (__stdio_exit_handler)
C:/ST/STM32CubeIDE_1.19.0/STM32CubeIDE/plugins/com.st.stm32cube.ide.mcu.externaltools.gnu-tools-for-stm32.13.3.rel1.win32_1.0.0.202411081344/tools/bin/../lib/gcc/arm-none-eabi/13.3.1/../../../../arm-none-eabi/lib/thumb/v7e-m+fp/hard\libc_nano.a(libc_a-fwalk.o)
                              C:/ST/STM32CubeIDE_1.19.0/STM32CubeIDE/plugins/com.st.stm32cube.ide.mcu.externaltools.gnu-tools-for-stm32.13.3.rel1.win32_1.0.0.202411081344/tools/bin/../lib/gcc/arm-none-eabi/13.3.1/../../../../arm-none-eabi/lib/thumb/v7e-m+fp/hard\libc_nano.a(libc_a-findfp.o) (_fwalk_sglue)
C:/ST/STM32CubeIDE_1.19.0/STM32CubeIDE/plugins/com.st.stm32cube.ide.mcu.externaltools.gnu-tools-for-stm32.13.3.rel1.win32_1.0.0.202411081344/tools/bin/../lib/gcc/arm-none-eabi/13.3.1/../../../../arm-none-eabi/lib/thumb/v7e-m+fp/hard\libc_nano.a(libc_a-snprintf.o)
                              ./App/Src/mGPIO.o (snprintf)
C:/ST/STM32CubeIDE_1.19.0/STM32CubeIDE/plugins/com.st.stm32cube.ide.mcu.externaltools.gnu-tools-for-stm32.13.3.rel1.win32_1.0.0.202411081344/tools/bin/../lib/gcc/arm-none-eabi/13.3.1/../../../../arm-none-eabi/lib/thumb/v7e-m+fp/hard\libc_nano.a(libc_a-sscanf.o)
                              ./App/Src/mRS232.o (sscanf)
C:/ST/STM32CubeIDE_1.19.0/STM32CubeIDE/plugins/com.st.stm32cube.ide.mcu.externaltools.gnu-tools-for-stm32.13.3.rel1.win32_1.0.0.202411081344/tools/bin/../lib/gcc/arm-none-eabi/13.3.1/../../../../arm-none-eabi/lib/thumb/v7e-m+fp/hard\libc_nano.a(libc_a-stdio.o)
                              C:/ST/STM32CubeIDE_1.19.0/STM32CubeIDE/plugins/com.st.stm32cube.ide.mcu.externaltools.gnu-tools-for-stm32.13.3.rel1.win32_1.0.0.202411081344/tools/bin/../lib/gcc/arm-none-eabi/13.3.1/../../../../arm-none-eabi/lib/thumb/v7e-m+fp/hard\libc_nano.a(libc_a-findfp.o) (__sread)
C:/ST/STM32CubeIDE_1.19.0/STM32CubeIDE/plugins/com.st.stm32cube.ide.mcu.externaltools.gnu-tools-for-stm32.13.3.rel1.win32_1.0.0.202411081344/tools/bin/../lib/gcc/arm-none-eabi/13.3.1/../../../../arm-none-eabi/lib/thumb/v7e-m+fp/hard\libc_nano.a(libc_a-memset.o)
                              C:/ST/STM32CubeIDE_1.19.0/STM32CubeIDE/plugins/com.st.stm32cube.ide.mcu.externaltools.gnu-tools-for-stm32.13.3.rel1.win32_1.0.0.202411081344/tools/bin/../lib/gcc/arm-none-eabi/13.3.1/../../../../arm-none-eabi/lib/thumb/v7e-m+fp/hard/crt0.o (memset)
C:/ST/STM32CubeIDE_1.19.0/STM32CubeIDE/plugins/com.st.stm32cube.ide.mcu.externaltools.gnu-tools-for-stm32.13.3.rel1.win32_1.0.0.202411081344/tools/bin/../lib/gcc/arm-none-eabi/13.3.1/../../../../arm-none-eabi/lib/thumb/v7e-m+fp/hard\libc_nano.a(libc_a-strtok.o)
                              ./App/Src/mRS232.o (strtok)
C:/ST/STM32CubeIDE_1.19.0/STM32CubeIDE/plugins/com.st.stm32cube.ide.mcu.externaltools.gnu-tools-for-stm32.13.3.rel1.win32_1.0.0.202411081344/tools/bin/../lib/gcc/arm-none-eabi/13.3.1/../../../../arm-none-eabi/lib/thumb/v7e-m+fp/hard\libc_nano.a(libc_a-strtok_r.o)
                              C:/ST/STM32CubeIDE_1.19.0/STM32CubeIDE/plugins/com.st.stm32cube.ide.mcu.externaltools.gnu-tools-for-stm32.13.3.rel1.win32_1.0.0.202411081344/tools/bin/../lib/gcc/arm-none-eabi/13.3.1/../../../../arm-none-eabi/lib/thumb/v7e-m+fp/hard\libc_nano.a(libc_a-strtok.o) (__strtok_r)
C:/ST/STM32CubeIDE_1.19.0/STM32CubeIDE/plugins/com.st.stm32cube.ide.mcu.externaltools.gnu-tools-for-stm32.13.3.rel1.win32_1.0.0.202411081344/tools/bin/../lib/gcc/arm-none-eabi/13.3.1/../../../../arm-none-eabi/lib/thumb/v7e-m+fp/hard\libc_nano.a(libc_a-closer.o)
                              C:/ST/STM32CubeIDE_1.19.0/STM32CubeIDE/plugins/com.st.stm32cube.ide.mcu.externaltools.gnu-tools-for-stm32.13.3.rel1.win32_1.0.0.202411081344/tools/bin/../lib/gcc/arm-none-eabi/13.3.1/../../../../arm-none-eabi/lib/thumb/v7e-m+fp/hard\libc_nano.a(libc_a-stdio.o) (_close_r)
[...]
Memory Configuration

Name             Origin             Length             Attributes
CCMRAM           0x10000000         0x00010000         xrw
RAM              0x20000000         0x00020000         xrw
FLASH            0x08000000         0x00100000         xr
*default*        0x00000000         0xffffffff

Linker script and memory map

LOAD C:/ST/STM32CubeIDE_1.19.0/STM32CubeIDE/plugins/com.st.stm32cube.ide.mcu.externaltools.gnu-tools-for-stm32.13.3.rel1.win32_1.0.0.202411081344/tools/bin/../lib/gcc/arm-none-eabi/13.3.1/thumb/v7e-m+fp/hard/crti.o
LOAD C:/ST/STM32CubeIDE_1.19.0/STM32CubeIDE/plugins/com.st.stm32cube.ide.mcu.externaltools.gnu-tools-for-stm32.13.3.rel1.win32_1.0.0.202411081344/tools/bin/../lib/gcc/arm-none-eabi/13.3.1/thumb/v7e-m+fp/hard/crtbegin.o
LOAD C:/ST/STM32CubeIDE_1.19.0/STM32CubeIDE/plugins/com.st.stm32cube.ide.mcu.externaltools.gnu-tools-for-stm32.13.3.rel1.win32_1.0.0.202411081344/tools/bin/../lib/gcc/arm-none-eabi/13.3.1/../../../../arm-none-eabi/lib/thumb/v7e-m+fp/hard/crt0.o
LOAD ./App/Src/mErrorHandle.o
LOAD ./App/Src/mFlow.o
LOAD ./App/Src/mFunction.o
LOAD ./App/Src/mGPIO.o
LOAD ./App/Src/mIAI.o
LOAD ./App/Src/mRS232.o
LOAD ./App/Src/mVariable.o
LOAD ./Core/Src/freertos.o
LOAD ./Core/Src/main.o
LOAD ./Core/Src/stm32f4xx_hal_msp.o
LOAD ./Core/Src/stm32f4xx_it.o
LOAD ./Core/Src/syscalls.o
LOAD ./Core/Src/sysmem.o
LOAD ./Core/Src/system_stm32f4xx.o
LOAD ./Core/Startup/startup_stm32f407igtx.o
LOAD ./Drivers/STM32F4xx_HAL_Driver/Src/stm32f4xx_hal.o
LOAD ./Drivers/STM32F4xx_HAL_Driver/Src/stm32f4xx_hal_cortex.o
LOAD ./Drivers/STM32F4xx_HAL_Driver/Src/stm32f4xx_hal_dma.o
LOAD ./Drivers/STM32F4xx_HAL_Driver/Src/stm32f4xx_hal_dma_ex.o
LOAD ./Drivers/STM32F4xx_HAL_Driver/Src/stm32f4xx_hal_exti.o
LOAD ./Drivers/STM32F4xx_HAL_Driver/Src/stm32f4xx_hal_flash.o
LOAD ./Drivers/STM32F4xx_HAL_Driver/Src/stm32f4xx_hal_flash_ex.o
LOAD ./Drivers/STM32F4xx_HAL_Driver/Src/stm32f4xx_hal_flash_ramfunc.o
LOAD ./Drivers/STM32F4xx_HAL_Driver/Src/stm32f4xx_hal_gpio.o
LOAD ./Drivers/STM32F4xx_HAL_Driver/Src/stm32f4xx_hal_pcd.o
LOAD ./Drivers/STM32F4xx_HAL_Driver/Src/stm32f4xx_hal_pcd_ex.o
LOAD ./Drivers/STM32F4xx_HAL_Driver/Src/stm32f4xx_hal_pwr.o
LOAD ./Drivers/STM32F4xx_HAL_Driver/Src/stm32f4xx_hal_pwr_ex.o
LOAD ./Drivers/STM32F4xx_HAL_Driver/Src/stm32f4xx_hal_rcc.o
LOAD ./Drivers/STM32F4xx_HAL_Driver/Src/stm32f4xx_hal_rcc_ex.o
LOAD ./Drivers/STM32F4xx_HAL_Driver/Src/stm32f4xx_hal_tim.o
LOAD ./Drivers/STM32F4xx_HAL_Driver/Src/stm32f4xx_hal_tim_ex.o
LOAD ./Drivers/STM32F4xx_HAL_Driver/Src/stm32f4xx_ll_usb.o
LOAD ./Middlewares/ST/STM32_USB_Device_Library/Class/CDC/Src/usbd_cdc.o
LOAD ./Middlewares/ST/STM32_USB_Device_Library/Core/Src/usbd_core.o
LOAD ./Middlewares/ST/STM32_USB_Device_Library/Core/Src/usbd_ctlreq.o
LOAD ./Middlewares/ST/STM32_USB_Device_Library/Core/Src/usbd_ioreq.o
LOAD ./Middlewares/Third_Party/FreeRTOS/Source/CMSIS_RTOS_V2/cmsis_os2.o
LOAD ./Middlewares/Third_Party/FreeRTOS/Source/croutine.o
LOAD ./Middlewares/Third_Party/FreeRTOS/Source/event_groups.o
LOAD ./Middlewares/Third_Party/FreeRTOS/Source/list.o
LOAD ./Middlewares/Third_Party/FreeRTOS/Source/queue.o
LOAD ./Middlewares/Third_Party/FreeRTOS/Source/stream_buffer.o
LOAD ./Middlewares/Third_Party/FreeRTOS/Source/tasks.o
LOAD ./Middlewares/Third_Party/FreeRTOS/Source/timers.o
LOAD ./Middlewares/Third_Party/FreeRTOS/Source/portable/GCC/ARM_CM4F/port.o
LOAD ./Middlewares/Third_Party/FreeRTOS/Source/portable/MemMang/heap_4.o
LOAD ./USB_DEVICE/App/usb_device.o
LOAD ./USB_DEVICE/App/usbd_cdc_if.o
LOAD ./USB_DEVICE/App/usbd_desc.o
LOAD ./USB_DEVICE/Target/usbd_conf.o
START GROUP
LOAD C:/ST/STM32CubeIDE_1.19.0/STM32CubeIDE/plugins/com.st.stm32cube.ide.mcu.externaltools.gnu-tools-for-stm32.13.3.rel1.win32_1.0.0.202411081344/tools/bin/../lib/gcc/arm-none-eabi/13.3.1/../../../../arm-none-eabi/lib/thumb/v7e-m+fp/hard\libc_nano.a
LOAD C:/ST/STM32CubeIDE_1.19.0/STM32CubeIDE/plugins/com.st.stm32cube.ide.mcu.externaltools.gnu-tools-for-stm32.13.3.rel1.win32_1.0.0.202411081344/tools/bin/../lib/gcc/arm-none-eabi/13.3.1/../../../../arm-none-eabi/lib/thumb/v7e-m+fp/hard\libm.a
END GROUP
START GROUP
LOAD C:/ST/STM32CubeIDE_1.19.0/STM32CubeIDE/plugins/com.st.stm32cube.ide.mcu.externaltools.gnu-tools-for-stm32.13.3.rel1.win32_1.0.0.202411081344/tools/bin/../lib/gcc/arm-none-eabi/13.3.1/thumb/v7e-m+fp/hard\libgcc.a
LOAD C:/ST/STM32CubeIDE_1.19.0/STM32CubeIDE/plugins/com.st.stm32cube.ide.mcu.externaltools.gnu-tools-for-stm32.13.3.rel1.win32_1.0.0.202411081344/tools/bin/../lib/gcc/arm-none-eabi/13.3.1/../../../../arm-none-eabi/lib/thumb/v7e-m+fp/hard\libc_nano.a
END GROUP
START GROUP
LOAD C:/ST/STM32CubeIDE_1.19.0/STM32CubeIDE/plugins/com.st.stm32cube.ide.mcu.externaltools.gnu-tools-for-stm32.13.3.rel1.win32_1.0.0.202411081344/tools/bin/../lib/gcc/arm-none-eabi/13.3.1/thumb/v7e-m+fp/hard\libgcc.a
LOAD C:/ST/STM32CubeIDE_1.19.0/STM32CubeIDE/plugins/com.st.stm32cube.ide.mcu.externaltools.gnu-tools-for-stm32.13.3.rel1.win32_1.0.0.202411081344/tools/bin/../lib/gcc/arm-none-eabi/13.3.1/../../../../arm-none-eabi/lib/thumb/v7e-m+fp/hard\libc_nano.a
LOAD C:/ST/STM32CubeIDE_1.19.0/STM32CubeIDE/plugins/com.st.stm32cube.ide.mcu.externaltools.gnu-tools-for-stm32.13.3.rel1.win32_1.0.0.202411081344/tools/bin/../lib/gcc/arm-none-eabi/13.3.1/../../../../arm-none-eabi/lib/thumb/v7e-m+fp/hard\libnosys.a
END GROUP
START GROUP
LOAD C:/ST/STM32CubeIDE_1.19.0/STM32CubeIDE/plugins/com.st.stm32cube.ide.mcu.externaltools.gnu-tools-for-stm32.13.3.rel1.win32_1.0.0.202411081344/tools/bin/../lib/gcc/arm-none-eabi/13.3.1/thumb/v7e-m+fp/hard\libgcc.a
LOAD C:/ST/STM32CubeIDE_1.19.0/STM32CubeIDE/plugins/com.st.stm32cube.ide.mcu.externaltools.gnu-tools-for-stm32.13.3.rel1.win32_1.0.0.202411081344/tools/bin/../lib/gcc/arm-none-eabi/13.3.1/../../../../arm-none-eabi/lib/thumb/v7e-m+fp/hard\libc_nano.a
LOAD C:/ST/STM32CubeIDE_1.19.0/STM32CubeIDE/plugins/com.st.stm32cube.ide.mcu.externaltools.gnu-tools-for-stm32.13.3.rel1.win32_1.0.0.202411081344/tools/bin/../lib/gcc/arm-none-eabi/13.3.1/../../../../arm-none-eabi/lib/thumb/v7e-m+fp/hard\libnosys.a
END GROUP
LOAD C:/ST/STM32CubeIDE_1.19.0/STM32CubeIDE/plugins/com.st.stm32cube.ide.mcu.externaltools.gnu-tools-for-stm32.13.3.rel1.win32_1.0.0.202411081344/tools/bin/../lib/gcc/arm-none-eabi/13.3.1/thumb/v7e-m+fp/hard/crtend.o
LOAD C:/ST/STM32CubeIDE_1.19.0/STM32CubeIDE/plugins/com.st.stm32cube.ide.mcu.externaltools.gnu-tools-for-stm32.13.3.rel1.win32_1.0.0.202411081344/tools/bin/../lib/gcc/arm-none-eabi/13.3.1/thumb/v7e-m+fp/hard/crtn.o
                0x20020000                        _estack = (ORIGIN (RAM) + LENGTH (RAM))
                0x00000200                        _Min_Heap_Size = 0x200
                0x00000400                        _Min_Stack_Size = 0x400

.isr_vector     0x08000000      0x188
                0x08000000                        . = ALIGN (0x4)
 *(.isr_vector)
 .isr_vector    0x08000000      0x188 ./Core/Startup/startup_stm32f407igtx.o
                0x08000000                g_pfnVectors
                0x08000188                        . = ALIGN (0x4)

.text           0x08000190     0x8b50
                0x08000190                        . = ALIGN (0x4)
 *(.text)
 .text          0x08000190       0x40 C:/ST/STM32CubeIDE_1.19.0/STM32CubeIDE/plugins/com.st.stm32cube.ide.mcu.externaltools.gnu-tools-for-stm32.13.3.rel1.win32_1.0.0.202411081344/tools/bin/../lib/gcc/arm-none-eabi/13.3.1/thumb/v7e-m+fp/hard/crtbegin.o
 .text          0x080001d0       0x14 C:/ST/STM32CubeIDE_1.19.0/STM32CubeIDE/plugins/com.st.stm32cube.ide.mcu.externaltools.gnu-tools-for-stm32.13.3.rel1.win32_1.0.0.202411081344/tools/bin/../lib/gcc/arm-none-eabi/13.3.1/../../../../arm-none-eabi/lib/thumb/v7e-m+fp/hard\libc_nano.a(libc_a-strcmp.o)
                0x080001d0                strcmp
 .text          0x080001e4       0x10 C:/ST/STM32CubeIDE_1.19.0/STM32CubeIDE/plugins/com.st.stm32cube.ide.mcu.externaltools.gnu-tools-for-stm32.13.3.rel1.win32_1.0.0.202411081344/tools/bin/../lib/gcc/arm-none-eabi/13.3.1/../../../../arm-none-eabi/lib/thumb/v7e-m+fp/hard\libc_nano.a(libc_a-strlen.o)
                0x080001e4                strlen
 *fill*         0x080001f4        0xc 
 .text          0x08000200       0xa0 C:/ST/STM32CubeIDE_1.19.0/STM32CubeIDE/plugins/com.st.stm32cube.ide.mcu.externaltools.gnu-tools-for-stm32.13.3.rel1.win32_1.0.0.202411081344/tools/bin/../lib/gcc/arm-none-eabi/13.3.1/../../../../arm-none-eabi/lib/thumb/v7e-m+fp/hard\libc_nano.a(libc_a-memchr.o)
                0x08000200                memchr
 .text          0x080002a0       0x30 C:/ST/STM32CubeIDE_1.19.0/STM32CubeIDE/plugins/com.st.stm32cube.ide.mcu.externaltools.gnu-tools-for-stm32.13.3.rel1.win32_1.0.0.202411081344/tools/bin/../lib/gcc/arm-none-eabi/13.3.1/thumb/v7e-m+fp/hard\libgcc.a(_aeabi_uldivmod.o)
                0x080002a0                __aeabi_uldivmod
 .text          0x080002d0      0x2f8 C:/ST/STM32CubeIDE_1.19.0/STM32CubeIDE/plugins/com.st.stm32cube.ide.mcu.externaltools.gnu-tools-for-stm32.13.3.rel1.win32_1.0.0.202411081344/tools/bin/../lib/gcc/arm-none-eabi/13.3.1/thumb/v7e-m+fp/hard\libgcc.a(_udivmoddi4.o)
                0x080002d0                __udivmoddi4
 .text          0x080005c8        0x4 C:/ST/STM32CubeIDE_1.19.0/STM32CubeIDE/plugins/com.st.stm32cube.ide.mcu.externaltools.gnu-tools-for-stm32.13.3.rel1.win32_1.0.0.202411081344/tools/bin/../lib/gcc/arm-none-eabi/13.3.1/thumb/v7e-m+fp/hard\libgcc.a(_dvmd_tls.o)
                0x080005c8                __aeabi_idiv0
                0x080005c8                __aeabi_ldiv0
 *(.text*)
 .text.eqStatusMonitor
                0x080005cc       0x70 ./App/Src/mErrorHandle.o
                0x080005cc                eqStatusMonitor
 .text.eqHandleStatus
                0x0800063c        0x4 ./App/Src/mErrorHandle.o
                0x0800063c                eqHandleStatus
 .text.eqControl
                0x08000640        0x2 ./App/Src/mFlow.o
                0x08000640                eqControl
 *fill*         0x08000642        0x2 
 .text.sendButtonStateChange
                0x08000644       0x34 ./App/Src/mGPIO.o
                0x08000644                sendButtonStateChange
 .text.checkAndSendInputChanges
                0x08000678      0x130 ./App/Src/mGPIO.o
                0x08000678                checkAndSendInputChanges
 .text.gpioScan
                0x080007a8      0x324 ./App/Src/mGPIO.o
                0x080007a8                gpioScan
 .text.IAI_Move
                0x08000acc      0x144 ./App/Src/mIAI.o
                0x08000acc                IAI_Move
 .text.IAI_Home
                0x08000c10       0x94 ./App/Src/mIAI.o
                0x08000c10                IAI_Home
 .text.IAI_Pause
                0x08000ca4       0x14 ./App/Src/mIAI.o
                0x08000ca4                IAI_Pause
 .text.IAI_Continues
                0x08000cb8       0x14 ./App/Src/mIAI.o
                0x08000cb8                IAI_Continues
 .text.IAI_Stop
                0x08000ccc       0x14 ./App/Src/mIAI.o
                0x08000ccc                IAI_Stop
 .text.IAI_Prepare
                0x08000ce0       0x6c ./App/Src/mIAI.o
                0x08000ce0                IAI_Prepare
 .text.IAI_Clear
                0x08000d4c       0x54 ./App/Src/mIAI.o
                0x08000d4c                IAI_Clear
 .text.IAI_ClearError
                0x08000da0       0x74 ./App/Src/mIAI.o
                0x08000da0                IAI_ClearError
 .text.IAIMovingHandled
                0x08000e14      0x24c ./App/Src/mIAI.o
                0x08000e14                IAIMovingHandled
 .text.processCommand
                0x08001060      0x2bc ./App/Src/mRS232.o
                0x08001060                processCommand
 .text.getCmdHandle
                0x0800131c      0x19c ./App/Src/mRS232.o
                0x0800131c                getCmdHandle
 .text.sendCmdHandle
                0x080014b8       0x84 ./App/Src/mRS232.o
                0x080014b8                sendCmdHandle
 .text.MX_TIM4_Init
                0x0800153c       0x68 ./Core/Src/main.o
 .text.MX_TIM7_Init
                0x080015a4       0x44 ./Core/Src/main.o
 .text.MX_TIM1_Init
                0x080015e8       0xdc ./Core/Src/main.o
 .text.StartTaskFlow
                0x080016c4       0x16 ./Core/Src/main.o
                0x080016c4                StartTaskFlow
 *fill*         0x080016da        0x2 
 .text.StartTaskIAIX
                0x080016dc       0x44 ./Core/Src/main.o
                0x080016dc                StartTaskIAIX
 .text.StartTaskIAIY
                0x08001720       0x44 ./Core/Src/main.o
                0x08001720                StartTaskIAIY
 .text.StartTaskIAIZ
                0x08001764       0x44 ./Core/Src/main.o
                0x08001764                StartTaskIAIZ
 .text.StartTaskGPIO
                0x080017a8        0xe ./Core/Src/main.o
                0x080017a8                StartTaskGPIO
 .text.StartTaskCOM
                0x080017b6       0x12 ./Core/Src/main.o
                0x080017b6                StartTaskCOM
 .text.StartTaskIAI
                0x080017c8       0x40 ./Core/Src/main.o
                0x080017c8                StartTaskIAI
 .text.SystemClock_Config
                0x08001808       0xa4 ./Core/Src/main.o
                0x08001808                SystemClock_Config
 .text.startup.main
                0x080018ac      0x3c4 ./Core/Src/main.o
                0x080018ac                main
 .text.Error_Handler
                0x08001c70        0x4 ./Core/Src/main.o
                0x08001c70                Error_Handler
 .text.HAL_MspInit
                0x08001c74       0x40 ./Core/Src/stm32f4xx_hal_msp.o
                0x08001c74                HAL_MspInit
 .text.HAL_TIM_Base_MspInit
                0x08001cb4       0x94 ./Core/Src/stm32f4xx_hal_msp.o
                0x08001cb4                HAL_TIM_Base_MspInit
 .text.HAL_TIM_MspPostInit
                0x08001d48       0x58 ./Core/Src/stm32f4xx_hal_msp.o
                0x08001d48                HAL_TIM_MspPostInit
 .text.NMI_Handler
                0x08001da0        0x2 ./Core/Src/stm32f4xx_it.o
                0x08001da0                NMI_Handler
 .text.HardFault_Handler
                0x08001da2        0x2 ./Core/Src/stm32f4xx_it.o
                0x08001da2                HardFault_Handler
 .text.MemManage_Handler
                0x08001da4        0x2 ./Core/Src/stm32f4xx_it.o
                0x08001da4                MemManage_Handler
 .text.BusFault_Handler
                0x08001da6        0x2 ./Core/Src/stm32f4xx_it.o
                0x08001da6                BusFault_Handler
 .text.UsageFault_Handler
                0x08001da8        0x2 ./Core/Src/stm32f4xx_it.o
                0x08001da8                UsageFault_Handler
 .text.DebugMon_Handler
                0x08001daa        0x2 ./Core/Src/stm32f4xx_it.o
                0x08001daa                DebugMon_Handler
 .text.SysTick_Handler
                0x08001dac       0x18 ./Core/Src/stm32f4xx_it.o
                0x08001dac                SysTick_Handler
 .text.TIM4_IRQHandler
                0x08001dc4        0xc ./Core/Src/stm32f4xx_it.o
                0x08001dc4                TIM4_IRQHandler
 .text.TIM7_IRQHandler
                0x08001dd0        0xc ./Core/Src/stm32f4xx_it.o
                0x08001dd0                TIM7_IRQHandler
 .text.OTG_FS_IRQHandler
                0x08001ddc        0xc ./Core/Src/stm32f4xx_it.o
                0x08001ddc                OTG_FS_IRQHandler
 .text._getpid  0x08001de8        0x4 ./Core/Src/syscalls.o
                0x08001de8                _getpid
 .text._kill    0x08001dec       0x10 ./Core/Src/syscalls.o
                0x08001dec                _kill
 .text._exit    0x08001dfc        0xc ./Core/Src/syscalls.o
                0x08001dfc                _exit
 .text._read    0x08001e08       0x1c ./Core/Src/syscalls.o
                0x08001e08                _read
 .text._write   0x08001e24       0x1c ./Core/Src/syscalls.o
                0x08001e24                _write
 .text._close   0x08001e40        0x6 ./Core/Src/syscalls.o
                0x08001e40                _close
 .text._fstat   0x08001e46        0xa ./Core/Src/syscalls.o
                0x08001e46                _fstat
 .text._isatty  0x08001e50        0x4 ./Core/Src/syscalls.o
                0x08001e50                _isatty
 .text._lseek   0x08001e54        0x4 ./Core/Src/syscalls.o
                0x08001e54                _lseek
 .text._sbrk    0x08001e58       0x40 ./Core/Src/sysmem.o
                0x08001e58                _sbrk
 .text.SystemInit
                0x08001e98       0x14 ./Core/Src/system_stm32f4xx.o
                0x08001e98                SystemInit
 .text.Reset_Handler
                0x08001eac       0x50 ./Core/Startup/startup_stm32f407igtx.o
                0x08001eac                Reset_Handler
 .text.Default_Handler
                0x08001efc        0x2 ./Core/Startup/startup_stm32f407igtx.o
                0x08001efc                RTC_Alarm_IRQHandler
                0x08001efc                HASH_RNG_IRQHandler
                0x08001efc                EXTI2_IRQHandler
                0x08001efc                TIM8_CC_IRQHandler
                0x08001efc                TIM1_CC_IRQHandler
                0x08001efc                DMA2_Stream5_IRQHandler
                0x08001efc                DMA1_Stream5_IRQHandler
                0x08001efc                PVD_IRQHandler
                0x08001efc                SDIO_IRQHandler
                0x08001efc                TAMP_STAMP_IRQHandler
                0x08001efc                CAN2_RX1_IRQHandler
                0x08001efc                EXTI3_IRQHandler
                0x08001efc                TIM8_TRG_COM_TIM14_IRQHandler
                0x08001efc                TIM1_UP_TIM10_IRQHandler
                0x08001efc                TIM8_UP_TIM13_IRQHandler
                0x08001efc                I2C3_ER_IRQHandler
                0x08001efc                EXTI0_IRQHandler
                0x08001efc                I2C2_EV_IRQHandler
                0x08001efc                DMA1_Stream2_IRQHandler
                0x08001efc                CAN1_RX0_IRQHandler
                0x08001efc                FPU_IRQHandler
                0x08001efc                OTG_HS_WKUP_IRQHandler
                0x08001efc                CAN2_SCE_IRQHandler
                0x08001efc                DMA2_Stream2_IRQHandler
                0x08001efc                SPI1_IRQHandler
                0x08001efc                TIM6_DAC_IRQHandler
                0x08001efc                TIM1_BRK_TIM9_IRQHandler
                0x08001efc                DCMI_IRQHandler
                0x08001efc                CAN2_RX0_IRQHandler
                0x08001efc                DMA2_Stream3_IRQHandler
                0x08001efc                USART6_IRQHandler
                0x08001efc                USART3_IRQHandler
                0x08001efc                CAN1_RX1_IRQHandler
                0x08001efc                UART5_IRQHandler
                0x08001efc                DMA2_Stream0_IRQHandler
                0x08001efc                I2C1_EV_IRQHandler
                0x08001efc                DMA1_Stream6_IRQHandler
                0x08001efc                DMA1_Stream1_IRQHandler
                0x08001efc                UART4_IRQHandler
                0x08001efc                TIM3_IRQHandler
                0x08001efc                RCC_IRQHandler
                0x08001efc                TIM8_BRK_TIM12_IRQHandler
                0x08001efc                Default_Handler
                0x08001efc                EXTI15_10_IRQHandler
                0x08001efc                ADC_IRQHandler
                0x08001efc                DMA1_Stream7_IRQHandler
                0x08001efc                CAN2_TX_IRQHandler
                0x08001efc                TIM5_IRQHandler
                0x08001efc                DMA2_Stream7_IRQHandler
                0x08001efc                I2C3_EV_IRQHandler
                0x08001efc                EXTI9_5_IRQHandler
                0x08001efc                RTC_WKUP_IRQHandler
                0x08001efc                ETH_WKUP_IRQHandler
                0x08001efc                SPI2_IRQHandler
                0x08001efc                OTG_HS_EP1_IN_IRQHandler
                0x08001efc                DMA1_Stream0_IRQHandler
                0x08001efc                CAN1_TX_IRQHandler
                0x08001efc                EXTI4_IRQHandler
                0x08001efc                FSMC_IRQHandler
                0x08001efc                ETH_IRQHandler
                0x08001efc                OTG_HS_EP1_OUT_IRQHandler
                0x08001efc                WWDG_IRQHandler
                0x08001efc                TIM2_IRQHandler
                0x08001efc                OTG_FS_WKUP_IRQHandler
                0x08001efc                TIM1_TRG_COM_TIM11_IRQHandler
                0x08001efc                OTG_HS_IRQHandler
                0x08001efc                EXTI1_IRQHandler
                0x08001efc                USART2_IRQHandler
                0x08001efc                I2C2_ER_IRQHandler
                0x08001efc                DMA2_Stream1_IRQHandler
                0x08001efc                CAN1_SCE_IRQHandler
                0x08001efc                FLASH_IRQHandler
                0x08001efc                DMA2_Stream4_IRQHandler
                0x08001efc                USART1_IRQHandler
                0x08001efc                SPI3_IRQHandler
                0x08001efc                DMA1_Stream4_IRQHandler
                0x08001efc                I2C1_ER_IRQHandler
                0x08001efc                DMA2_Stream6_IRQHandler
                0x08001efc                DMA1_Stream3_IRQHandler
 *fill*         0x08001efe        0x2 
 .text.HAL_InitTick
                0x08001f00       0x48 ./Drivers/STM32F4xx_HAL_Driver/Src/stm32f4xx_hal.o
                0x08001f00                HAL_InitTick
 .text.HAL_Init
                0x08001f48       0x34 ./Drivers/STM32F4xx_HAL_Driver/Src/stm32f4xx_hal.o
                0x08001f48                HAL_Init
 .text.HAL_IncTick
                0x08001f7c       0x18 ./Drivers/STM32F4xx_HAL_Driver/Src/stm32f4xx_hal.o
                0x08001f7c                HAL_IncTick
 .text.HAL_GetTick
                0x08001f94        0xc ./Drivers/STM32F4xx_HAL_Driver/Src/stm32f4xx_hal.o
                0x08001f94                HAL_GetTick
 .text.HAL_Delay
                0x08001fa0       0x28 ./Drivers/STM32F4xx_HAL_Driver/Src/stm32f4xx_hal.o
                0x08001fa0                HAL_Delay
 .text.HAL_NVIC_SetPriorityGrouping
                0x08001fc8       0x24 ./Drivers/STM32F4xx_HAL_Driver/Src/stm32f4xx_hal_cortex.o
                0x08001fc8                HAL_NVIC_SetPriorityGrouping
 .text.HAL_NVIC_SetPriority
                0x08001fec       0x64 ./Drivers/STM32F4xx_HAL_Driver/Src/stm32f4xx_hal_cortex.o
                0x08001fec                HAL_NVIC_SetPriority
 .text.HAL_NVIC_EnableIRQ
                0x08002050       0x1c ./Drivers/STM32F4xx_HAL_Driver/Src/stm32f4xx_hal_cortex.o
                0x08002050                HAL_NVIC_EnableIRQ
 .text.HAL_SYSTICK_Config
                0x0800206c       0x28 ./Drivers/STM32F4xx_HAL_Driver/Src/stm32f4xx_hal_cortex.o
                0x0800206c                HAL_SYSTICK_Config
 .text.HAL_GPIO_Init
                0x08002094      0x1b0 ./Drivers/STM32F4xx_HAL_Driver/Src/stm32f4xx_hal_gpio.o
                0x08002094                HAL_GPIO_Init
 .text.HAL_GPIO_ReadPin
                0x08002244        0xc ./Drivers/STM32F4xx_HAL_Driver/Src/stm32f4xx_hal_gpio.o
                0x08002244                HAL_GPIO_ReadPin
 .text.HAL_GPIO_WritePin
                0x08002250        0xa ./Drivers/STM32F4xx_HAL_Driver/Src/stm32f4xx_hal_gpio.o
                0x08002250                HAL_GPIO_WritePin
 .text.HAL_PCD_Init
                0x0800225a       0xde ./Drivers/STM32F4xx_HAL_Driver/Src/stm32f4xx_hal_pcd.o
                0x0800225a                HAL_PCD_Init
 .text.HAL_PCD_Start
                0x08002338       0x3e ./Drivers/STM32F4xx_HAL_Driver/Src/stm32f4xx_hal_pcd.o
                0x08002338                HAL_PCD_Start
 .text.HAL_PCD_SetAddress
                0x08002376       0x26 ./Drivers/STM32F4xx_HAL_Driver/Src/stm32f4xx_hal_pcd.o
                0x08002376                HAL_PCD_SetAddress
 .text.HAL_PCD_EP_Open
                0x0800239c       0x72 ./Drivers/STM32F4xx_HAL_Driver/Src/stm32f4xx_hal_pcd.o
                0x0800239c                HAL_PCD_EP_Open
 .text.HAL_PCD_EP_Close
                0x0800240e       0x5c ./Drivers/STM32F4xx_HAL_Driver/Src/stm32f4xx_hal_pcd.o
                0x0800240e                HAL_PCD_EP_Close
 .text.HAL_PCD_EP_Receive
                0x0800246a       0x3c ./Drivers/STM32F4xx_HAL_Driver/Src/stm32f4xx_hal_pcd.o
                0x0800246a                HAL_PCD_EP_Receive
 .text.HAL_PCD_EP_GetRxCount
                0x080024a6       0x10 ./Drivers/STM32F4xx_HAL_Driver/Src/stm32f4xx_hal_pcd.o
                0x080024a6                HAL_PCD_EP_GetRxCount
 .text.HAL_PCD_EP_Transmit
                0x080024b6       0x36 ./Drivers/STM32F4xx_HAL_Driver/Src/stm32f4xx_hal_pcd.o
                0x080024b6                HAL_PCD_EP_Transmit
 .text.HAL_PCD_EP_SetStall
                0x080024ec       0x6e ./Drivers/STM32F4xx_HAL_Driver/Src/stm32f4xx_hal_pcd.o
                0x080024ec                HAL_PCD_EP_SetStall
 .text.HAL_PCD_EP_ClrStall
                0x0800255a       0x6a ./Drivers/STM32F4xx_HAL_Driver/Src/stm32f4xx_hal_pcd.o
                0x0800255a                HAL_PCD_EP_ClrStall
 .text.HAL_PCD_EP_Abort
                0x080025c4       0x20 ./Drivers/STM32F4xx_HAL_Driver/Src/stm32f4xx_hal_pcd.o
                0x080025c4                HAL_PCD_EP_Abort
 .text.HAL_PCD_IRQHandler
                0x080025e4      0x690 ./Drivers/STM32F4xx_HAL_Driver/Src/stm32f4xx_hal_pcd.o
                0x080025e4                HAL_PCD_IRQHandler
 .text.HAL_PCDEx_SetTxFiFo
                0x08002c74       0x3e ./Drivers/STM32F4xx_HAL_Driver/Src/stm32f4xx_hal_pcd_ex.o
                0x08002c74                HAL_PCDEx_SetTxFiFo
 .text.HAL_PCDEx_SetRxFiFo
                0x08002cb2        0x8 ./Drivers/STM32F4xx_HAL_Driver/Src/stm32f4xx_hal_pcd_ex.o
                0x08002cb2                HAL_PCDEx_SetRxFiFo
 .text.HAL_PCDEx_LPM_Callback
                0x08002cba        0x2 ./Drivers/STM32F4xx_HAL_Driver/Src/stm32f4xx_hal_pcd_ex.o
                0x08002cba                HAL_PCDEx_LPM_Callback
 .text.HAL_RCC_OscConfig
                0x08002cbc      0x35c ./Drivers/STM32F4xx_HAL_Driver/Src/stm32f4xx_hal_rcc.o
                0x08002cbc                HAL_RCC_OscConfig
 .text.HAL_RCC_GetSysClockFreq
                0x08003018       0x5c ./Drivers/STM32F4xx_HAL_Driver/Src/stm32f4xx_hal_rcc.o
                0x08003018                HAL_RCC_GetSysClockFreq
 .text.HAL_RCC_ClockConfig
                0x08003074      0x134 ./Drivers/STM32F4xx_HAL_Driver/Src/stm32f4xx_hal_rcc.o
                0x08003074                HAL_RCC_ClockConfig
 .text.HAL_RCC_GetHCLKFreq
                0x080031a8        0xc ./Drivers/STM32F4xx_HAL_Driver/Src/stm32f4xx_hal_rcc.o
                0x080031a8                HAL_RCC_GetHCLKFreq
 .text.TIM_OC1_SetConfig
                0x080031b4       0x58 ./Drivers/STM32F4xx_HAL_Driver/Src/stm32f4xx_hal_tim.o
 .text.TIM_OC3_SetConfig
                0x0800320c       0x5c ./Drivers/STM32F4xx_HAL_Driver/Src/stm32f4xx_hal_tim.o
 .text.TIM_OC4_SetConfig
                0x08003268       0x4c ./Drivers/STM32F4xx_HAL_Driver/Src/stm32f4xx_hal_tim.o
 .text.HAL_TIM_Base_Start
                0x080032b4       0x6c ./Drivers/STM32F4xx_HAL_Driver/Src/stm32f4xx_hal_tim.o
                0x080032b4                HAL_TIM_Base_Start
 .text.HAL_TIM_PWM_MspInit
                0x08003320        0x2 ./Drivers/STM32F4xx_HAL_Driver/Src/stm32f4xx_hal_tim.o
                0x08003320                HAL_TIM_PWM_MspInit
 .text.HAL_TIM_PeriodElapsedCallback
                0x08003322        0x2 ./Drivers/STM32F4xx_HAL_Driver/Src/stm32f4xx_hal_tim.o
                0x08003322                HAL_TIM_PeriodElapsedCallback
 .text.HAL_TIM_OC_DelayElapsedCallback
                0x08003324        0x2 ./Drivers/STM32F4xx_HAL_Driver/Src/stm32f4xx_hal_tim.o
                0x08003324                HAL_TIM_OC_DelayElapsedCallback
 .text.HAL_TIM_IC_CaptureCallback
                0x08003326        0x2 ./Drivers/STM32F4xx_HAL_Driver/Src/stm32f4xx_hal_tim.o
                0x08003326                HAL_TIM_IC_CaptureCallback
 .text.HAL_TIM_PWM_PulseFinishedCallback
                0x08003328        0x2 ./Drivers/STM32F4xx_HAL_Driver/Src/stm32f4xx_hal_tim.o
                0x08003328                HAL_TIM_PWM_PulseFinishedCallback
 .text.HAL_TIM_TriggerCallback
                0x0800332a        0x2 ./Drivers/STM32F4xx_HAL_Driver/Src/stm32f4xx_hal_tim.o
                0x0800332a                HAL_TIM_TriggerCallback
 .text.HAL_TIM_IRQHandler
                0x0800332c      0x128 ./Drivers/STM32F4xx_HAL_Driver/Src/stm32f4xx_hal_tim.o
                0x0800332c                HAL_TIM_IRQHandler
 .text.TIM_Base_SetConfig
                0x08003454       0xa8 ./Drivers/STM32F4xx_HAL_Driver/Src/stm32f4xx_hal_tim.o
                0x08003454                TIM_Base_SetConfig
 .text.HAL_TIM_Base_Init
                0x080034fc       0x58 ./Drivers/STM32F4xx_HAL_Driver/Src/stm32f4xx_hal_tim.o
                0x080034fc                HAL_TIM_Base_Init
 .text.HAL_TIM_PWM_Init
                0x08003554       0x58 ./Drivers/STM32F4xx_HAL_Driver/Src/stm32f4xx_hal_tim.o
                0x08003554                HAL_TIM_PWM_Init
 .text.TIM_OC2_SetConfig
                0x080035ac       0x60 ./Drivers/STM32F4xx_HAL_Driver/Src/stm32f4xx_hal_tim.o
                0x080035ac                TIM_OC2_SetConfig
 .text.HAL_TIM_PWM_ConfigChannel
                0x0800360c       0xb0 ./Drivers/STM32F4xx_HAL_Driver/Src/stm32f4xx_hal_tim.o
                0x0800360c                HAL_TIM_PWM_ConfigChannel
 .text.TIM_ETR_SetConfig
                0x080036bc       0x14 ./Drivers/STM32F4xx_HAL_Driver/Src/stm32f4xx_hal_tim.o
                0x080036bc                TIM_ETR_SetConfig
 .text.HAL_TIM_ConfigClockSource
                0x080036d0      0x132 ./Drivers/STM32F4xx_HAL_Driver/Src/stm32f4xx_hal_tim.o
                0x080036d0                HAL_TIM_ConfigClockSource
 .text.TIM_CCxChannelCmd
                0x08003802       0x1c ./Drivers/STM32F4xx_HAL_Driver/Src/stm32f4xx_hal_tim.o
                0x08003802                TIM_CCxChannelCmd
 *fill*         0x0800381e        0x2 
 .text.HAL_TIM_OC_Start
                0x08003820       0xbc ./Drivers/STM32F4xx_HAL_Driver/Src/stm32f4xx_hal_tim.o
                0x08003820                HAL_TIM_OC_Start
 .text.HAL_TIM_PWM_Start
                0x080038dc        0x4 ./Drivers/STM32F4xx_HAL_Driver/Src/stm32f4xx_hal_tim.o
                0x080038dc                HAL_TIM_PWM_Start
 .text.HAL_TIM_OC_Stop
                0x080038e0       0x7c ./Drivers/STM32F4xx_HAL_Driver/Src/stm32f4xx_hal_tim.o
                0x080038e0                HAL_TIM_OC_Stop
 .text.HAL_TIM_PWM_Stop
                0x0800395c        0x4 ./Drivers/STM32F4xx_HAL_Driver/Src/stm32f4xx_hal_tim.o
                0x0800395c                HAL_TIM_PWM_Stop
 .text.HAL_TIMEx_MasterConfigSynchronization
                0x08003960       0x7c ./Drivers/STM32F4xx_HAL_Driver/Src/stm32f4xx_hal_tim_ex.o
                0x08003960                HAL_TIMEx_MasterConfigSynchronization
 .text.HAL_TIMEx_ConfigBreakDeadTime
                0x080039dc       0x4c ./Drivers/STM32F4xx_HAL_Driver/Src/stm32f4xx_hal_tim_ex.o
                0x080039dc                HAL_TIMEx_ConfigBreakDeadTime
 .text.HAL_TIMEx_CommutCallback
                0x08003a28        0x2 ./Drivers/STM32F4xx_HAL_Driver/Src/stm32f4xx_hal_tim_ex.o
                0x08003a28                HAL_TIMEx_CommutCallback
 .text.HAL_TIMEx_BreakCallback
                0x08003a2a        0x2 ./Drivers/STM32F4xx_HAL_Driver/Src/stm32f4xx_hal_tim_ex.o
                0x08003a2a                HAL_TIMEx_BreakCallback
 .text.USB_CoreReset
                0x08003a2c       0x50 ./Drivers/STM32F4xx_HAL_Driver/Src/stm32f4xx_ll_usb.o
 .text.USB_CoreInit
                0x08003a7c       0x88 ./Drivers/STM32F4xx_HAL_Driver/Src/stm32f4xx_ll_usb.o
                0x08003a7c                USB_CoreInit
 .text.USB_SetTurnaroundTime
                0x08003b04       0xe0 ./Drivers/STM32F4xx_HAL_Driver/Src/stm32f4xx_ll_usb.o
                0x08003b04                USB_SetTurnaroundTime
 .text.USB_EnableGlobalInt
                0x08003be4        0xc ./Drivers/STM32F4xx_HAL_Driver/Src/stm32f4xx_ll_usb.o
                0x08003be4                USB_EnableGlobalInt
 .text.USB_DisableGlobalInt
                0x08003bf0        0xc ./Drivers/STM32F4xx_HAL_Driver/Src/stm32f4xx_ll_usb.o
                0x08003bf0                USB_DisableGlobalInt
 .text.USB_SetCurrentMode
                0x08003bfc       0x60 ./Drivers/STM32F4xx_HAL_Driver/Src/stm32f4xx_ll_usb.o
                0x08003bfc                USB_SetCurrentMode
 .text.USB_FlushTxFifo
                0x08003c5c       0x46 ./Drivers/STM32F4xx_HAL_Driver/Src/stm32f4xx_ll_usb.o
                0x08003c5c                USB_FlushTxFifo
 .text.USB_FlushRxFifo
                0x08003ca2       0x42 ./Drivers/STM32F4xx_HAL_Driver/Src/stm32f4xx_ll_usb.o
                0x08003ca2                USB_FlushRxFifo
 .text.USB_SetDevSpeed
                0x08003ce4        0xe ./Drivers/STM32F4xx_HAL_Driver/Src/stm32f4xx_ll_usb.o
                0x08003ce4                USB_SetDevSpeed
 *fill*         0x08003cf2        0x2 
 .text.USB_DevInit
                0x08003cf4      0x174 ./Drivers/STM32F4xx_HAL_Driver/Src/stm32f4xx_ll_usb.o
                0x08003cf4                USB_DevInit
 .text.USB_GetDevSpeed
                0x08003e68       0x16 ./Drivers/STM32F4xx_HAL_Driver/Src/stm32f4xx_ll_usb.o
                0x08003e68                USB_GetDevSpeed
 .text.USB_ActivateEndpoint
                0x08003e7e       0x7e ./Drivers/STM32F4xx_HAL_Driver/Src/stm32f4xx_ll_usb.o
                0x08003e7e                USB_ActivateEndpoint
 .text.USB_DeactivateEndpoint
                0x08003efc       0xac ./Drivers/STM32F4xx_HAL_Driver/Src/stm32f4xx_ll_usb.o
                0x08003efc                USB_DeactivateEndpoint
 .text.USB_EPStopXfer
                0x08003fa8       0x84 ./Drivers/STM32F4xx_HAL_Driver/Src/stm32f4xx_ll_usb.o
                0x08003fa8                USB_EPStopXfer
 .text.USB_WritePacket
                0x0800402c       0x26 ./Drivers/STM32F4xx_HAL_Driver/Src/stm32f4xx_ll_usb.o
                0x0800402c                USB_WritePacket
 *fill*         0x08004052        0x2 
 .text.USB_EPStartXfer
                0x08004054      0x204 ./Drivers/STM32F4xx_HAL_Driver/Src/stm32f4xx_ll_usb.o
                0x08004054                USB_EPStartXfer
 .text.USB_ReadPacket
                0x08004258       0x40 ./Drivers/STM32F4xx_HAL_Driver/Src/stm32f4xx_ll_usb.o
                0x08004258                USB_ReadPacket
 .text.USB_EPSetStall
                0x08004298       0x56 ./Drivers/STM32F4xx_HAL_Driver/Src/stm32f4xx_ll_usb.o
                0x08004298                USB_EPSetStall
 .text.USB_EPClearStall
                0x080042ee       0x52 ./Drivers/STM32F4xx_HAL_Driver/Src/stm32f4xx_ll_usb.o
                0x080042ee                USB_EPClearStall
 .text.USB_SetDevAddress
                0x08004340       0x20 ./Drivers/STM32F4xx_HAL_Driver/Src/stm32f4xx_ll_usb.o
                0x08004340                USB_SetDevAddress
 .text.USB_DevConnect
                0x08004360       0x1c ./Drivers/STM32F4xx_HAL_Driver/Src/stm32f4xx_ll_usb.o
                0x08004360                USB_DevConnect
 .text.USB_DevDisconnect
                0x0800437c       0x1c ./Drivers/STM32F4xx_HAL_Driver/Src/stm32f4xx_ll_usb.o
                0x0800437c                USB_DevDisconnect
 .text.USB_ReadInterrupts
                0x08004398        0x8 ./Drivers/STM32F4xx_HAL_Driver/Src/stm32f4xx_ll_usb.o
                0x08004398                USB_ReadInterrupts
 .text.USB_ReadDevAllOutEpInterrupt
                0x080043a0       0x10 ./Drivers/STM32F4xx_HAL_Driver/Src/stm32f4xx_ll_usb.o
                0x080043a0                USB_ReadDevAllOutEpInterrupt
 .text.USB_ReadDevAllInEpInterrupt
                0x080043b0       0x10 ./Drivers/STM32F4xx_HAL_Driver/Src/stm32f4xx_ll_usb.o
                0x080043b0                USB_ReadDevAllInEpInterrupt
 .text.USB_ReadDevOutEPInterrupt
                0x080043c0       0x12 ./Drivers/STM32F4xx_HAL_Driver/Src/stm32f4xx_ll_usb.o
                0x080043c0                USB_ReadDevOutEPInterrupt
 .text.USB_ReadDevInEPInterrupt
                0x080043d2       0x22 ./Drivers/STM32F4xx_HAL_Driver/Src/stm32f4xx_ll_usb.o
                0x080043d2                USB_ReadDevInEPInterrupt
 .text.USB_GetMode
                0x080043f4        0x8 ./Drivers/STM32F4xx_HAL_Driver/Src/stm32f4xx_ll_usb.o
                0x080043f4                USB_GetMode
 .text.USB_ActivateSetup
                0x080043fc       0x1c ./Drivers/STM32F4xx_HAL_Driver/Src/stm32f4xx_ll_usb.o
                0x080043fc                USB_ActivateSetup
 .text.USB_EP0_OutStart
                0x08004418       0x4c ./Drivers/STM32F4xx_HAL_Driver/Src/stm32f4xx_ll_usb.o
                0x08004418                USB_EP0_OutStart
 .text.USBD_CDC_EP0_RxReady
                0x08004464       0x38 ./Middlewares/ST/STM32_USB_Device_Library/Class/CDC/Src/usbd_cdc.o
 .text.USBD_CDC_GetDeviceQualifierDescriptor
                0x0800449c        0xc ./Middlewares/ST/STM32_USB_Device_Library/Class/CDC/Src/usbd_cdc.o
                0x0800449c                USBD_CDC_GetDeviceQualifierDescriptor
 .text.USBD_CDC_GetFSCfgDesc
                0x080044a8       0x48 ./Middlewares/ST/STM32_USB_Device_Library/Class/CDC/Src/usbd_cdc.o
 .text.USBD_CDC_GetOtherSpeedCfgDesc
                0x080044f0        0x4 ./Middlewares/ST/STM32_USB_Device_Library/Class/CDC/Src/usbd_cdc.o
 .text.USBD_CDC_GetHSCfgDesc
                0x080044f4       0x48 ./Middlewares/ST/STM32_USB_Device_Library/Class/CDC/Src/usbd_cdc.o
 .text.USBD_CDC_DataOut
                0x0800453c       0x38 ./Middlewares/ST/STM32_USB_Device_Library/Class/CDC/Src/usbd_cdc.o
 .text.USBD_CDC_DataIn
                0x08004574       0x64 ./Middlewares/ST/STM32_USB_Device_Library/Class/CDC/Src/usbd_cdc.o
 .text.USBD_CDC_Setup
                0x080045d8       0xf0 ./Middlewares/ST/STM32_USB_Device_Library/Class/CDC/Src/usbd_cdc.o
 .text.USBD_CDC_DeInit
                0x080046c8       0x60 ./Middlewares/ST/STM32_USB_Device_Library/Class/CDC/Src/usbd_cdc.o
 .text.USBD_CDC_Init
                0x08004728       0xc8 ./Middlewares/ST/STM32_USB_Device_Library/Class/CDC/Src/usbd_cdc.o
 .text.USBD_CDC_RegisterInterface
                0x080047f0       0x16 ./Middlewares/ST/STM32_USB_Device_Library/Class/CDC/Src/usbd_cdc.o
                0x080047f0                USBD_CDC_RegisterInterface
 .text.USBD_CDC_SetTxBuffer
                0x08004806       0x1c ./Middlewares/ST/STM32_USB_Device_Library/Class/CDC/Src/usbd_cdc.o
                0x08004806                USBD_CDC_SetTxBuffer
 .text.USBD_CDC_SetRxBuffer
                0x08004822       0x18 ./Middlewares/ST/STM32_USB_Device_Library/Class/CDC/Src/usbd_cdc.o
                0x08004822                USBD_CDC_SetRxBuffer
 .text.USBD_CDC_TransmitPacket
                0x0800483a       0x36 ./Middlewares/ST/STM32_USB_Device_Library/Class/CDC/Src/usbd_cdc.o
                0x0800483a                USBD_CDC_TransmitPacket
 .text.USBD_CDC_ReceivePacket
                0x08004870       0x2c ./Middlewares/ST/STM32_USB_Device_Library/Class/CDC/Src/usbd_cdc.o
                0x08004870                USBD_CDC_ReceivePacket
 .text.USBD_Init
                0x0800489c       0x26 ./Middlewares/ST/STM32_USB_Device_Library/Core/Src/usbd_core.o
                0x0800489c                USBD_Init
 .text.USBD_RegisterClass
                0x080048c2       0x32 ./Middlewares/ST/STM32_USB_Device_Library/Core/Src/usbd_core.o
                0x080048c2                USBD_RegisterClass
 .text.USBD_Start
                0x080048f4        0x4 ./Middlewares/ST/STM32_USB_Device_Library/Core/Src/usbd_core.o
                0x080048f4                USBD_Start
 .text.USBD_SetClassConfig
                0x080048f8        0xe ./Middlewares/ST/STM32_USB_Device_Library/Core/Src/usbd_core.o
                0x080048f8                USBD_SetClassConfig
 .text.USBD_ClrClassConfig
                0x08004906       0x12 ./Middlewares/ST/STM32_USB_Device_Library/Core/Src/usbd_core.o
                0x08004906                USBD_ClrClassConfig
 .text.USBD_LL_SetupStage
                0x08004918       0x60 ./Middlewares/ST/STM32_USB_Device_Library/Core/Src/usbd_core.o
                0x08004918                USBD_LL_SetupStage
 .text.USBD_LL_DataOutStage
                0x08004978       0x74 ./Middlewares/ST/STM32_USB_Device_Library/Core/Src/usbd_core.o
                0x08004978                USBD_LL_DataOutStage
 .text.USBD_LL_DataInStage
                0x080049ec       0xa8 ./Middlewares/ST/STM32_USB_Device_Library/Core/Src/usbd_core.o
                0x080049ec                USBD_LL_DataInStage
 .text.USBD_LL_Reset
                0x08004a94       0x60 ./Middlewares/ST/STM32_USB_Device_Library/Core/Src/usbd_core.o
                0x08004a94                USBD_LL_Reset
 .text.USBD_LL_SetSpeed
                0x08004af4        0x6 ./Middlewares/ST/STM32_USB_Device_Library/Core/Src/usbd_core.o
                0x08004af4                USBD_LL_SetSpeed
 .text.USBD_LL_Suspend
                0x08004afa       0x1c ./Middlewares/ST/STM32_USB_Device_Library/Core/Src/usbd_core.o
                0x08004afa                USBD_LL_Suspend
 .text.USBD_LL_Resume
                0x08004b16       0x16 ./Middlewares/ST/STM32_USB_Device_Library/Core/Src/usbd_core.o
                0x08004b16                USBD_LL_Resume
 .text.USBD_LL_SOF
                0x08004b2c       0x1a ./Middlewares/ST/STM32_USB_Device_Library/Core/Src/usbd_core.o
                0x08004b2c                USBD_LL_SOF
 .text.USBD_LL_IsoINIncomplete
                0x08004b46       0x26 ./Middlewares/ST/STM32_USB_Device_Library/Core/Src/usbd_core.o
                0x08004b46                USBD_LL_IsoINIncomplete
 .text.USBD_LL_IsoOUTIncomplete
                0x08004b6c       0x26 ./Middlewares/ST/STM32_USB_Device_Library/Core/Src/usbd_core.o
                0x08004b6c                USBD_LL_IsoOUTIncomplete
 .text.USBD_LL_DevConnected
                0x08004b92        0x4 ./Middlewares/ST/STM32_USB_Device_Library/Core/Src/usbd_core.o
                0x08004b92                USBD_LL_DevConnected
 .text.USBD_LL_DevDisconnected
                0x08004b96       0x20 ./Middlewares/ST/STM32_USB_Device_Library/Core/Src/usbd_core.o
                0x08004b96                USBD_LL_DevDisconnected
 .text.USBD_CoreFindIF
                0x08004bb6        0x4 ./Middlewares/ST/STM32_USB_Device_Library/Core/Src/usbd_core.o
                0x08004bb6                USBD_CoreFindIF
 .text.USBD_CoreFindEP
                0x08004bba        0x4 ./Middlewares/ST/STM32_USB_Device_Library/Core/Src/usbd_core.o
                0x08004bba                USBD_CoreFindEP
 .text.USBD_GetEpDesc
                0x08004bbe       0x24 ./Middlewares/ST/STM32_USB_Device_Library/Core/Src/usbd_core.o
                0x08004bbe                USBD_GetEpDesc
 .text.USBD_CtlError.constprop.0
                0x08004be2       0x16 ./Middlewares/ST/STM32_USB_Device_Library/Core/Src/usbd_ctlreq.o
 .text.USBD_StdDevReq
                0x08004bf8      0x2c8 ./Middlewares/ST/STM32_USB_Device_Library/Core/Src/usbd_ctlreq.o
                0x08004bf8                USBD_StdDevReq
 .text.USBD_StdItfReq
                0x08004ec0       0x5e ./Middlewares/ST/STM32_USB_Device_Library/Core/Src/usbd_ctlreq.o
                0x08004ec0                USBD_StdItfReq
 .text.USBD_StdEPReq
                0x08004f1e      0x148 ./Middlewares/ST/STM32_USB_Device_Library/Core/Src/usbd_ctlreq.o
                0x08004f1e                USBD_StdEPReq
 .text.USBD_ParseSetupRequest
                0x08005066       0x16 ./Middlewares/ST/STM32_USB_Device_Library/Core/Src/usbd_ctlreq.o
                0x08005066                USBD_ParseSetupRequest
 .text.USBD_CtlError
                0x0800507c       0x16 ./Middlewares/ST/STM32_USB_Device_Library/Core/Src/usbd_ctlreq.o
                0x0800507c                USBD_CtlError
 .text.USBD_GetString
                0x08005092       0x38 ./Middlewares/ST/STM32_USB_Device_Library/Core/Src/usbd_ctlreq.o
                0x08005092                USBD_GetString
 .text.USBD_CtlSendData
                0x080050ca       0x1c ./Middlewares/ST/STM32_USB_Device_Library/Core/Src/usbd_ioreq.o
                0x080050ca                USBD_CtlSendData
 .text.USBD_CtlContinueSendData
                0x080050e6       0x10 ./Middlewares/ST/STM32_USB_Device_Library/Core/Src/usbd_ioreq.o
                0x080050e6                USBD_CtlContinueSendData
 .text.USBD_CtlPrepareRx
                0x080050f6       0x22 ./Middlewares/ST/STM32_USB_Device_Library/Core/Src/usbd_ioreq.o
                0x080050f6                USBD_CtlPrepareRx
 .text.USBD_CtlContinueRx
                0x08005118       0x10 ./Middlewares/ST/STM32_USB_Device_Library/Core/Src/usbd_ioreq.o
                0x08005118                USBD_CtlContinueRx
 .text.USBD_CtlSendStatus
                0x08005128       0x16 ./Middlewares/ST/STM32_USB_Device_Library/Core/Src/usbd_ioreq.o
                0x08005128                USBD_CtlSendStatus
 .text.USBD_CtlReceiveStatus
                0x0800513e       0x16 ./Middlewares/ST/STM32_USB_Device_Library/Core/Src/usbd_ioreq.o
                0x0800513e                USBD_CtlReceiveStatus
 .text.osKernelInitialize
                0x08005154       0x24 ./Middlewares/Third_Party/FreeRTOS/Source/CMSIS_RTOS_V2/cmsis_os2.o
                0x08005154                osKernelInitialize
 .text.osKernelStart
                0x08005178       0x34 ./Middlewares/Third_Party/FreeRTOS/Source/CMSIS_RTOS_V2/cmsis_os2.o
                0x08005178                osKernelStart
 .text.osThreadNew
                0x080051ac       0x88 ./Middlewares/Third_Party/FreeRTOS/Source/CMSIS_RTOS_V2/cmsis_os2.o
                0x080051ac                osThreadNew
 .text.osDelay  0x08005234       0x18 ./Middlewares/Third_Party/FreeRTOS/Source/CMSIS_RTOS_V2/cmsis_os2.o
                0x08005234                osDelay
 .text.vApplicationGetIdleTaskMemory
                0x0800524c       0x18 ./Middlewares/Third_Party/FreeRTOS/Source/CMSIS_RTOS_V2/cmsis_os2.o
                0x0800524c                vApplicationGetIdleTaskMemory
 .text.vApplicationGetTimerTaskMemory
                0x08005264       0x18 ./Middlewares/Third_Party/FreeRTOS/Source/CMSIS_RTOS_V2/cmsis_os2.o
                0x08005264                vApplicationGetTimerTaskMemory
 .text.vListInitialise
                0x0800527c       0x16 ./Middlewares/Third_Party/FreeRTOS/Source/list.o
                0x0800527c                vListInitialise
 .text.vListInitialiseItem
                0x08005292        0x6 ./Middlewares/Third_Party/FreeRTOS/Source/list.o
                0x08005292                vListInitialiseItem
 .text.vListInsertEnd
                0x08005298       0x16 ./Middlewares/Third_Party/FreeRTOS/Source/list.o
                0x08005298                vListInsertEnd
 .text.vListInsert
                0x080052ae       0x2e ./Middlewares/Third_Party/FreeRTOS/Source/list.o
                0x080052ae                vListInsert
 .text.uxListRemove
                0x080052dc       0x20 ./Middlewares/Third_Party/FreeRTOS/Source/list.o
                0x080052dc                uxListRemove
 .text.prvIsQueueEmpty
                0x080052fc       0x16 ./Middlewares/Third_Party/FreeRTOS/Source/queue.o
 .text.prvCopyDataToQueue
                0x08005312       0x66 ./Middlewares/Third_Party/FreeRTOS/Source/queue.o
 .text.prvCopyDataFromQueue
                0x08005378       0x2c ./Middlewares/Third_Party/FreeRTOS/Source/queue.o
 .text.prvUnlockQueue
                0x080053a4       0x6c ./Middlewares/Third_Party/FreeRTOS/Source/queue.o
 .text.xQueueGenericReset
                0x08005410       0x7e ./Middlewares/Third_Party/FreeRTOS/Source/queue.o
                0x08005410                xQueueGenericReset
 .text.xQueueGenericCreateStatic
                0x0800548e       0x9c ./Middlewares/Third_Party/FreeRTOS/Source/queue.o
                0x0800548e                xQueueGenericCreateStatic
 .text.xQueueGenericSend
                0x0800552a      0x164 ./Middlewares/Third_Party/FreeRTOS/Source/queue.o
                0x0800552a                xQueueGenericSend
 .text.xQueueGenericSendFromISR
                0x0800568e       0xba ./Middlewares/Third_Party/FreeRTOS/Source/queue.o
                0x0800568e                xQueueGenericSendFromISR
 .text.xQueueReceive
                0x08005748      0x13c ./Middlewares/Third_Party/FreeRTOS/Source/queue.o
                0x08005748                xQueueReceive
 .text.vQueueAddToRegistry
                0x08005884       0x24 ./Middlewares/Third_Party/FreeRTOS/Source/queue.o
                0x08005884                vQueueAddToRegistry
 .text.vQueueWaitForMessageRestricted
                0x080058a8       0x46 ./Middlewares/Third_Party/FreeRTOS/Source/queue.o
                0x080058a8                vQueueWaitForMessageRestricted
 *fill*         0x080058ee        0x2 
 .text.prvAddNewTaskToReadyList
                0x080058f0      0x100 ./Middlewares/Third_Party/FreeRTOS/Source/tasks.o
 .text.prvAddCurrentTaskToDelayedList
                0x080059f0       0x70 ./Middlewares/Third_Party/FreeRTOS/Source/tasks.o
 .text.prvResetNextTaskUnblockTime
                0x08005a60       0x24 ./Middlewares/Third_Party/FreeRTOS/Source/tasks.o
 .text.prvDeleteTCB
                0x08005a84       0x36 ./Middlewares/Third_Party/FreeRTOS/Source/tasks.o
 *fill*         0x08005aba        0x2 
 .text.prvIdleTask
                0x08005abc       0x60 ./Middlewares/Third_Party/FreeRTOS/Source/tasks.o
 .text.prvInitialiseNewTask.constprop.0
                0x08005b1c       0x96 ./Middlewares/Third_Party/FreeRTOS/Source/tasks.o
 .text.xTaskCreateStatic
                0x08005bb2       0x70 ./Middlewares/Third_Party/FreeRTOS/Source/tasks.o
                0x08005bb2                xTaskCreateStatic
 .text.xTaskCreate
                0x08005c22       0x5c ./Middlewares/Third_Party/FreeRTOS/Source/tasks.o
                0x08005c22                xTaskCreate
 *fill*         0x08005c7e        0x2 
 .text.vTaskStartScheduler
                0x08005c80       0x8c ./Middlewares/Third_Party/FreeRTOS/Source/tasks.o
                0x08005c80                vTaskStartScheduler
 .text.vTaskSuspendAll
                0x08005d0c       0x10 ./Middlewares/Third_Party/FreeRTOS/Source/tasks.o
                0x08005d0c                vTaskSuspendAll
 .text.xTaskGetTickCount
                0x08005d1c        0xc ./Middlewares/Third_Party/FreeRTOS/Source/tasks.o
                0x08005d1c                xTaskGetTickCount
 .text.xTaskIncrementTick
                0x08005d28      0x12c ./Middlewares/Third_Party/FreeRTOS/Source/tasks.o
                0x08005d28                xTaskIncrementTick
 .text.xTaskResumeAll
                0x08005e54       0xe8 ./Middlewares/Third_Party/FreeRTOS/Source/tasks.o
                0x08005e54                xTaskResumeAll
 .text.vTaskDelay
                0x08005f3c       0x48 ./Middlewares/Third_Party/FreeRTOS/Source/tasks.o
                0x08005f3c                vTaskDelay
 .text.vTaskSwitchContext
                0x08005f84       0x74 ./Middlewares/Third_Party/FreeRTOS/Source/tasks.o
                0x08005f84                vTaskSwitchContext
 .text.vTaskPlaceOnEventList
                0x08005ff8       0x34 ./Middlewares/Third_Party/FreeRTOS/Source/tasks.o
                0x08005ff8                vTaskPlaceOnEventList
 .text.vTaskPlaceOnEventListRestricted
                0x0800602c       0x3c ./Middlewares/Third_Party/FreeRTOS/Source/tasks.o
                0x0800602c                vTaskPlaceOnEventListRestricted
 .text.xTaskRemoveFromEventList
                0x08006068       0x80 ./Middlewares/Third_Party/FreeRTOS/Source/tasks.o
                0x08006068                xTaskRemoveFromEventList
 .text.vTaskInternalSetTimeOutState
                0x080060e8       0x18 ./Middlewares/Third_Party/FreeRTOS/Source/tasks.o
                0x080060e8                vTaskInternalSetTimeOutState
 .text.xTaskCheckForTimeOut
                0x08006100       0x78 ./Middlewares/Third_Party/FreeRTOS/Source/tasks.o
                0x08006100                xTaskCheckForTimeOut
 .text.vTaskMissedYield
                0x08006178        0xc ./Middlewares/Third_Party/FreeRTOS/Source/tasks.o
                0x08006178                vTaskMissedYield
 .text.xTaskGetSchedulerState
                0x08006184       0x20 ./Middlewares/Third_Party/FreeRTOS/Source/tasks.o
                0x08006184                xTaskGetSchedulerState
 .text.xTaskPriorityDisinherit
                0x080061a4       0x84 ./Middlewares/Third_Party/FreeRTOS/Source/tasks.o
                0x080061a4                xTaskPriorityDisinherit
 .text.prvInsertTimerInActiveList
                0x08006228       0x3c ./Middlewares/Third_Party/FreeRTOS/Source/timers.o
 .text.prvCheckForValidListAndQueue
                0x08006264       0x68 ./Middlewares/Third_Party/FreeRTOS/Source/timers.o
 .text.xTimerCreateTimerTask
                0x080062cc       0x64 ./Middlewares/Third_Party/FreeRTOS/Source/timers.o
                0x080062cc                xTimerCreateTimerTask
 .text.xTimerGenericCommand
                0x08006330       0x58 ./Middlewares/Third_Party/FreeRTOS/Source/timers.o
                0x08006330                xTimerGenericCommand
 .text.prvSampleTimeNow
                0x08006388       0xa4 ./Middlewares/Third_Party/FreeRTOS/Source/timers.o
 .text.prvTimerTask
                0x0800642c      0x1cc ./Middlewares/Third_Party/FreeRTOS/Source/timers.o
 .text.prvPortStartFirstTask
                0x080065f8       0x28 ./Middlewares/Third_Party/FreeRTOS/Source/portable/GCC/ARM_CM4F/port.o
 .text.vPortEnableVFP
                0x08006620       0x14 ./Middlewares/Third_Party/FreeRTOS/Source/portable/GCC/ARM_CM4F/port.o
 .text.prvTaskExitError
                0x08006634       0x40 ./Middlewares/Third_Party/FreeRTOS/Source/portable/GCC/ARM_CM4F/port.o
 .text.pxPortInitialiseStack
                0x08006674       0x2c ./Middlewares/Third_Party/FreeRTOS/Source/portable/GCC/ARM_CM4F/port.o
                0x08006674                pxPortInitialiseStack
 .text.SVC_Handler
                0x080066a0       0x24 ./Middlewares/Third_Party/FreeRTOS/Source/portable/GCC/ARM_CM4F/port.o
                0x080066a0                SVC_Handler
 .text.vPortEnterCritical
                0x080066c4       0x40 ./Middlewares/Third_Party/FreeRTOS/Source/portable/GCC/ARM_CM4F/port.o
                0x080066c4                vPortEnterCritical
 .text.vPortExitCritical
                0x08006704       0x28 ./Middlewares/Third_Party/FreeRTOS/Source/portable/GCC/ARM_CM4F/port.o
                0x08006704                vPortExitCritical
 *fill*         0x0800672c        0x4 
 .text.PendSV_Handler
                0x08006730       0x64 ./Middlewares/Third_Party/FreeRTOS/Source/portable/GCC/ARM_CM4F/port.o
                0x08006730                PendSV_Handler
 .text.xPortSysTickHandler
                0x08006794       0x2c ./Middlewares/Third_Party/FreeRTOS/Source/portable/GCC/ARM_CM4F/port.o
                0x08006794                xPortSysTickHandler
 .text.vPortSetupTimerInterrupt
                0x080067c0       0x24 ./Middlewares/Third_Party/FreeRTOS/Source/portable/GCC/ARM_CM4F/port.o
                0x080067c0                vPortSetupTimerInterrupt
 .text.xPortStartScheduler
                0x080067e4      0x104 ./Middlewares/Third_Party/FreeRTOS/Source/portable/GCC/ARM_CM4F/port.o
                0x080067e4                xPortStartScheduler
 .text.vPortValidateInterruptPriority
                0x080068e8       0x5c ./Middlewares/Third_Party/FreeRTOS/Source/portable/GCC/ARM_CM4F/port.o
                0x080068e8                vPortValidateInterruptPriority
 .text.prvInsertBlockIntoFreeList
                0x08006944       0x4c ./Middlewares/Third_Party/FreeRTOS/Source/portable/MemMang/heap_4.o
 .text.pvPortMalloc
                0x08006990      0x130 ./Middlewares/Third_Party/FreeRTOS/Source/portable/MemMang/heap_4.o
                0x08006990                pvPortMalloc
 .text.vPortFree
                0x08006ac0       0x7c ./Middlewares/Third_Party/FreeRTOS/Source/portable/MemMang/heap_4.o
                0x08006ac0                vPortFree
 .text.MX_USB_DEVICE_Init
                0x08006b3c       0x50 ./USB_DEVICE/App/usb_device.o
                0x08006b3c                MX_USB_DEVICE_Init
 .text.CDC_DeInit_FS
                0x08006b8c        0x4 ./USB_DEVICE/App/usbd_cdc_if.o
 .text.CDC_TransmitCplt_FS
                0x08006b90        0x4 ./USB_DEVICE/App/usbd_cdc_if.o
 .text.CDC_Receive_FS
                0x08006b94       0x1c ./USB_DEVICE/App/usbd_cdc_if.o
 .text.CDC_Init_FS
                0x08006bb0       0x28 ./USB_DEVICE/App/usbd_cdc_if.o
 .text.CDC_Control_FS
                0x08006bd8       0x30 ./USB_DEVICE/App/usbd_cdc_if.o
 .text.CDC_Transmit_FS
                0x08006c08       0x2c ./USB_DEVICE/App/usbd_cdc_if.o
                0x08006c08                CDC_Transmit_FS
 .text.USBD_FS_DeviceDescriptor
                0x08006c34        0xc ./USB_DEVICE/App/usbd_desc.o
                0x08006c34                USBD_FS_DeviceDescriptor
 .text.USBD_FS_LangIDStrDescriptor
                0x08006c40        0xc ./USB_DEVICE/App/usbd_desc.o
                0x08006c40                USBD_FS_LangIDStrDescriptor
 .text.IntToUnicode
                0x08006c4c       0x2a ./USB_DEVICE/App/usbd_desc.o
 *fill*         0x08006c76        0x2 
 .text.USBD_FS_SerialStrDescriptor
                0x08006c78       0x3c ./USB_DEVICE/App/usbd_desc.o
                0x08006c78                USBD_FS_SerialStrDescriptor
 .text.USBD_FS_ManufacturerStrDescriptor
                0x08006cb4       0x1c ./USB_DEVICE/App/usbd_desc.o
                0x08006cb4                USBD_FS_ManufacturerStrDescriptor
 .text.USBD_FS_ProductStrDescriptor
                0x08006cd0       0x1c ./USB_DEVICE/App/usbd_desc.o
                0x08006cd0                USBD_FS_ProductStrDescriptor
 .text.USBD_FS_ConfigStrDescriptor
                0x08006cec       0x1c ./USB_DEVICE/App/usbd_desc.o
                0x08006cec                USBD_FS_ConfigStrDescriptor
 .text.USBD_FS_InterfaceStrDescriptor
                0x08006d08       0x1c ./USB_DEVICE/App/usbd_desc.o
                0x08006d08                USBD_FS_InterfaceStrDescriptor
 .text.HAL_PCD_MspInit
                0x08006d24       0x84 ./USB_DEVICE/Target/usbd_conf.o
                0x08006d24                HAL_PCD_MspInit
 .text.HAL_PCD_SetupStageCallback
                0x08006da8        0xc ./USB_DEVICE/Target/usbd_conf.o
                0x08006da8                HAL_PCD_SetupStageCallback
 .text.HAL_PCD_DataOutStageCallback
                0x08006db4       0x12 ./USB_DEVICE/Target/usbd_conf.o
                0x08006db4                HAL_PCD_DataOutStageCallback
 .text.HAL_PCD_DataInStageCallback
                0x08006dc6       0x10 ./USB_DEVICE/Target/usbd_conf.o
                0x08006dc6                HAL_PCD_DataInStageCallback
 .text.HAL_PCD_SOFCallback
                0x08006dd6        0x8 ./USB_DEVICE/Target/usbd_conf.o
                0x08006dd6                HAL_PCD_SOFCallback
 .text.HAL_PCD_ResetCallback
                0x08006dde       0x26 ./USB_DEVICE/Target/usbd_conf.o
                0x08006dde                HAL_PCD_ResetCallback
 .text.HAL_PCD_SuspendCallback
                0x08006e04       0x30 ./USB_DEVICE/Target/usbd_conf.o
                0x08006e04                HAL_PCD_SuspendCallback
 .text.HAL_PCD_ResumeCallback
                0x08006e34        0x8 ./USB_DEVICE/Target/usbd_conf.o
                0x08006e34                HAL_PCD_ResumeCallback
 .text.HAL_PCD_ISOOUTIncompleteCallback
                0x08006e3c        0x8 ./USB_DEVICE/Target/usbd_conf.o
                0x08006e3c                HAL_PCD_ISOOUTIncompleteCallback
 .text.HAL_PCD_ISOINIncompleteCallback
                0x08006e44        0x8 ./USB_DEVICE/Target/usbd_conf.o
                0x08006e44                HAL_PCD_ISOINIncompleteCallback
 .text.HAL_PCD_ConnectCallback
                0x08006e4c        0x8 ./USB_DEVICE/Target/usbd_conf.o
                0x08006e4c                HAL_PCD_ConnectCallback
 .text.HAL_PCD_DisconnectCallback
                0x08006e54        0x8 ./USB_DEVICE/Target/usbd_conf.o
                0x08006e54                HAL_PCD_DisconnectCallback
 .text.USBD_LL_Init
                0x08006e5c       0x5c ./USB_DEVICE/Target/usbd_conf.o
                0x08006e5c                USBD_LL_Init
 .text.USBD_LL_IsStallEP
                0x08006eb8       0x24 ./USB_DEVICE/Target/usbd_conf.o
                0x08006eb8                USBD_LL_IsStallEP
 .text.USBD_LL_GetRxDataSize
                0x08006edc        0x8 ./USB_DEVICE/Target/usbd_conf.o
                0x08006edc                USBD_LL_GetRxDataSize
 .text.USBD_static_malloc
                0x08006ee4        0x8 ./USB_DEVICE/Target/usbd_conf.o
                0x08006ee4                USBD_static_malloc
 .text.USBD_static_free
                0x08006eec        0x2 ./USB_DEVICE/Target/usbd_conf.o
                0x08006eec                USBD_static_free
 .text.USBD_Get_USB_Status
                0x08006eee        0xc ./USB_DEVICE/Target/usbd_conf.o
                0x08006eee                USBD_Get_USB_Status
 .text.USBD_LL_Start
                0x08006efa       0x12 ./USB_DEVICE/Target/usbd_conf.o
                0x08006efa                USBD_LL_Start
 .text.USBD_LL_OpenEP
                0x08006f0c       0x18 ./USB_DEVICE/Target/usbd_conf.o
                0x08006f0c                USBD_LL_OpenEP
 .text.USBD_LL_CloseEP
                0x08006f24       0x12 ./USB_DEVICE/Target/usbd_conf.o
                0x08006f24                USBD_LL_CloseEP
 .text.USBD_LL_StallEP
                0x08006f36       0x12 ./USB_DEVICE/Target/usbd_conf.o
                0x08006f36                USBD_LL_StallEP
 .text.USBD_LL_ClearStallEP
                0x08006f48       0x12 ./USB_DEVICE/Target/usbd_conf.o
                0x08006f48                USBD_LL_ClearStallEP
 .text.USBD_LL_SetUSBAddress
                0x08006f5a       0x12 ./USB_DEVICE/Target/usbd_conf.o
                0x08006f5a                USBD_LL_SetUSBAddress
 .text.USBD_LL_Transmit
                0x08006f6c       0x12 ./USB_DEVICE/Target/usbd_conf.o
                0x08006f6c                USBD_LL_Transmit
 .text.USBD_LL_PrepareReceive
                0x08006f7e       0x12 ./USB_DEVICE/Target/usbd_conf.o
                0x08006f7e                USBD_LL_PrepareReceive
 .text.std      0x08006f90       0x6c C:/ST/STM32CubeIDE_1.19.0/STM32CubeIDE/plugins/com.st.stm32cube.ide.mcu.externaltools.gnu-tools-for-stm32.13.3.rel1.win32_1.0.0.202411081344/tools/bin/../lib/gcc/arm-none-eabi/13.3.1/../../../../arm-none-eabi/lib/thumb/v7e-m+fp/hard\libc_nano.a(libc_a-findfp.o)
 .text.stdio_exit_handler
                0x08006ffc       0x18 C:/ST/STM32CubeIDE_1.19.0/STM32CubeIDE/plugins/com.st.stm32cube.ide.mcu.externaltools.gnu-tools-for-stm32.13.3.rel1.win32_1.0.0.202411081344/tools/bin/../lib/gcc/arm-none-eabi/13.3.1/../../../../arm-none-eabi/lib/thumb/v7e-m+fp/hard\libc_nano.a(libc_a-findfp.o)
 .text.cleanup_stdio
                0x08007014       0x40 C:/ST/STM32CubeIDE_1.19.0/STM32CubeIDE/plugins/com.st.stm32cube.ide.mcu.externaltools.gnu-tools-for-stm32.13.3.rel1.win32_1.0.0.202411081344/tools/bin/../lib/gcc/arm-none-eabi/13.3.1/../../../../arm-none-eabi/lib/thumb/v7e-m+fp/hard\libc_nano.a(libc_a-findfp.o)
 .text.global_stdio_init.part.0
                0x08007054       0x3c C:/ST/STM32CubeIDE_1.19.0/STM32CubeIDE/plugins/com.st.stm32cube.ide.mcu.externaltools.gnu-tools-for-stm32.13.3.rel1.win32_1.0.0.202411081344/tools/bin/../lib/gcc/arm-none-eabi/13.3.1/../../../../arm-none-eabi/lib/thumb/v7e-m+fp/hard\libc_nano.a(libc_a-findfp.o)
 .text.__sfp_lock_acquire
                0x08007090        0xc C:/ST/STM32CubeIDE_1.19.0/STM32CubeIDE/plugins/com.st.stm32cube.ide.mcu.externaltools.gnu-tools-for-stm32.13.3.rel1.win32_1.0.0.202411081344/tools/bin/../lib/gcc/arm-none-eabi/13.3.1/../../../../arm-none-eabi/lib/thumb/v7e-m+fp/hard\libc_nano.a(libc_a-findfp.o)
                0x08007090                __sfp_lock_acquire
 .text.__sfp_lock_release
                0x0800709c        0xc C:/ST/STM32CubeIDE_1.19.0/STM32CubeIDE/plugins/com.st.stm32cube.ide.mcu.externaltools.gnu-tools-for-stm32.13.3.rel1.win32_1.0.0.202411081344/tools/bin/../lib/gcc/arm-none-eabi/13.3.1/../../../../arm-none-eabi/lib/thumb/v7e-m+fp/hard\libc_nano.a(libc_a-findfp.o)
                0x0800709c                __sfp_lock_release
 .text.__sinit  0x080070a8       0x30 C:/ST/STM32CubeIDE_1.19.0/STM32CubeIDE/plugins/com.st.stm32cube.ide.mcu.externaltools.gnu-tools-for-stm32.13.3.rel1.win32_1.0.0.202411081344/tools/bin/../lib/gcc/arm-none-eabi/13.3.1/../../../../arm-none-eabi/lib/thumb/v7e-m+fp/hard\libc_nano.a(libc_a-findfp.o)
                0x080070a8                __sinit
 .text._fwalk_sglue
                0x080070d8       0x3c C:/ST/STM32CubeIDE_1.19.0/STM32CubeIDE/plugins/com.st.stm32cube.ide.mcu.externaltools.gnu-tools-for-stm32.13.3.rel1.win32_1.0.0.202411081344/tools/bin/../lib/gcc/arm-none-eabi/13.3.1/../../../../arm-none-eabi/lib/thumb/v7e-m+fp/hard\libc_nano.a(libc_a-fwalk.o)
                0x080070d8                _fwalk_sglue
 .text.snprintf
                0x08007114       0x6c C:/ST/STM32CubeIDE_1.19.0/STM32CubeIDE/plugins/com.st.stm32cube.ide.mcu.externaltools.gnu-tools-for-stm32.13.3.rel1.win32_1.0.0.202411081344/tools/bin/../lib/gcc/arm-none-eabi/13.3.1/../../../../arm-none-eabi/lib/thumb/v7e-m+fp/hard\libc_nano.a(libc_a-snprintf.o)
                0x08007114                sniprintf
                0x08007114                snprintf
 .text.sscanf   0x08007180       0x58 C:/ST/STM32CubeIDE_1.19.0/STM32CubeIDE/plugins/com.st.stm32cube.ide.mcu.externaltools.gnu-tools-for-stm32.13.3.rel1.win32_1.0.0.202411081344/tools/bin/../lib/gcc/arm-none-eabi/13.3.1/../../../../arm-none-eabi/lib/thumb/v7e-m+fp/hard\libc_nano.a(libc_a-sscanf.o)
                0x08007180                siscanf
                0x08007180                sscanf
 .text.__sread  0x080071d8       0x22 C:/ST/STM32CubeIDE_1.19.0/STM32CubeIDE/plugins/com.st.stm32cube.ide.mcu.externaltools.gnu-tools-for-stm32.13.3.rel1.win32_1.0.0.202411081344/tools/bin/../lib/gcc/arm-none-eabi/13.3.1/../../../../arm-none-eabi/lib/thumb/v7e-m+fp/hard\libc_nano.a(libc_a-stdio.o)
                0x080071d8                __sread
 .text.__seofread
                0x080071fa        0x4 C:/ST/STM32CubeIDE_1.19.0/STM32CubeIDE/plugins/com.st.stm32cube.ide.mcu.externaltools.gnu-tools-for-stm32.13.3.rel1.win32_1.0.0.202411081344/tools/bin/../lib/gcc/arm-none-eabi/13.3.1/../../../../arm-none-eabi/lib/thumb/v7e-m+fp/hard\libc_nano.a(libc_a-stdio.o)
                0x080071fa                __seofread
 .text.__swrite
                0x080071fe       0x38 C:/ST/STM32CubeIDE_1.19.0/STM32CubeIDE/plugins/com.st.stm32cube.ide.mcu.externaltools.gnu-tools-for-stm32.13.3.rel1.win32_1.0.0.202411081344/tools/bin/../lib/gcc/arm-none-eabi/13.3.1/../../../../arm-none-eabi/lib/thumb/v7e-m+fp/hard\libc_nano.a(libc_a-stdio.o)
                0x080071fe                __swrite
 .text.__sseek  0x08007236       0x24 C:/ST/STM32CubeIDE_1.19.0/STM32CubeIDE/plugins/com.st.stm32cube.ide.mcu.externaltools.gnu-tools-for-stm32.13.3.rel1.win32_1.0.0.202411081344/tools/bin/../lib/gcc/arm-none-eabi/13.3.1/../../../../arm-none-eabi/lib/thumb/v7e-m+fp/hard\libc_nano.a(libc_a-stdio.o)
                0x08007236                __sseek
 .text.__sclose
                0x0800725a        0x8 C:/ST/STM32CubeIDE_1.19.0/STM32CubeIDE/plugins/com.st.stm32cube.ide.mcu.externaltools.gnu-tools-for-stm32.13.3.rel1.win32_1.0.0.202411081344/tools/bin/../lib/gcc/arm-none-eabi/13.3.1/../../../../arm-none-eabi/lib/thumb/v7e-m+fp/hard\libc_nano.a(libc_a-stdio.o)
                0x0800725a                __sclose
 .text.memset   0x08007262       0x10 C:/ST/STM32CubeIDE_1.19.0/STM32CubeIDE/plugins/com.st.stm32cube.ide.mcu.externaltools.gnu-tools-for-stm32.13.3.rel1.win32_1.0.0.202411081344/tools/bin/../lib/gcc/arm-none-eabi/13.3.1/../../../../arm-none-eabi/lib/thumb/v7e-m+fp/hard\libc_nano.a(libc_a-memset.o)
                0x08007262                memset
 *fill*         0x08007272        0x2 
 .text.strtok   0x08007274       0x68 C:/ST/STM32CubeIDE_1.19.0/STM32CubeIDE/plugins/com.st.stm32cube.ide.mcu.externaltools.gnu-tools-for-stm32.13.3.rel1.win32_1.0.0.202411081344/tools/bin/../lib/gcc/arm-none-eabi/13.3.1/../../../../arm-none-eabi/lib/thumb/v7e-m+fp/hard\libc_nano.a(libc_a-strtok.o)
                0x08007274                strtok
 .text.__strtok_r
                0x080072dc       0x50 C:/ST/STM32CubeIDE_1.19.0/STM32CubeIDE/plugins/com.st.stm32cube.ide.mcu.externaltools.gnu-tools-for-stm32.13.3.rel1.win32_1.0.0.202411081344/tools/bin/../lib/gcc/arm-none-eabi/13.3.1/../../../../arm-none-eabi/lib/thumb/v7e-m+fp/hard\libc_nano.a(libc_a-strtok_r.o)
                0x080072dc                __strtok_r
 .text._close_r
                0x0800732c       0x20 C:/ST/STM32CubeIDE_1.19.0/STM32CubeIDE/plugins/com.st.stm32cube.ide.mcu.externaltools.gnu-tools-for-stm32.13.3.rel1.win32_1.0.0.202411081344/tools/bin/../lib/gcc/arm-none-eabi/13.3.1/../../../../arm-none-eabi/lib/thumb/v7e-m+fp/hard\libc_nano.a(libc_a-closer.o)
                0x0800732c                _close_r
 .text._lseek_r
                0x0800734c       0x24 C:/ST/STM32CubeIDE_1.19.0/STM32CubeIDE/plugins/com.st.stm32cube.ide.mcu.externaltools.gnu-tools-for-stm32.13.3.rel1.win32_1.0.0.202411081344/tools/bin/../lib/gcc/arm-none-eabi/13.3.1/../../../../arm-none-eabi/lib/thumb/v7e-m+fp/hard\libc_nano.a(libc_a-lseekr.o)
                0x0800734c                _lseek_r
 .text._read_r  0x08007370       0x24 C:/ST/STM32CubeIDE_1.19.0/STM32CubeIDE/plugins/com.st.stm32cube.ide.mcu.externaltools.gnu-tools-for-stm32.13.3.rel1.win32_1.0.0.202411081344/tools/bin/../lib/gcc/arm-none-eabi/13.3.1/../../../../arm-none-eabi/lib/thumb/v7e-m+fp/hard\libc_nano.a(libc_a-readr.o)
                0x08007370                _read_r
 .text._write_r
                0x08007394       0x24 C:/ST/STM32CubeIDE_1.19.0/STM32CubeIDE/plugins/com.st.stm32cube.ide.mcu.externaltools.gnu-tools-for-stm32.13.3.rel1.win32_1.0.0.202411081344/tools/bin/../lib/gcc/arm-none-eabi/13.3.1/../../../../arm-none-eabi/lib/thumb/v7e-m+fp/hard\libc_nano.a(libc_a-writer.o)
                0x08007394                _write_r
 .text.__errno  0x080073b8        0xc C:/ST/STM32CubeIDE_1.19.0/STM32CubeIDE/plugins/com.st.stm32cube.ide.mcu.externaltools.gnu-tools-for-stm32.13.3.rel1.win32_1.0.0.202411081344/tools/bin/../lib/gcc/arm-none-eabi/13.3.1/../../../../arm-none-eabi/lib/thumb/v7e-m+fp/hard\libc_nano.a(libc_a-errno.o)
                0x080073b8                __errno
 .text.__libc_init_array
                0x080073c4       0x48 C:/ST/STM32CubeIDE_1.19.0/STM32CubeIDE/plugins/com.st.stm32cube.ide.mcu.externaltools.gnu-tools-for-stm32.13.3.rel1.win32_1.0.0.202411081344/tools/bin/../lib/gcc/arm-none-eabi/13.3.1/../../../../arm-none-eabi/lib/thumb/v7e-m+fp/hard\libc_nano.a(libc_a-init.o)
                0x080073c4                __libc_init_array
 .text.__retarget_lock_init_recursive
                0x0800740c        0x2 C:/ST/STM32CubeIDE_1.19.0/STM32CubeIDE/plugins/com.st.stm32cube.ide.mcu.externaltools.gnu-tools-for-stm32.13.3.rel1.win32_1.0.0.202411081344/tools/bin/../lib/gcc/arm-none-eabi/13.3.1/../../../../arm-none-eabi/lib/thumb/v7e-m+fp/hard\libc_nano.a(libc_a-lock.o)
                0x0800740c                __retarget_lock_init_recursive
 .text.__retarget_lock_acquire_recursive
                0x0800740e        0x2 C:/ST/STM32CubeIDE_1.19.0/STM32CubeIDE/plugins/com.st.stm32cube.ide.mcu.externaltools.gnu-tools-for-stm32.13.3.rel1.win32_1.0.0.202411081344/tools/bin/../lib/gcc/arm-none-eabi/13.3.1/../../../../arm-none-eabi/lib/thumb/v7e-m+fp/hard\libc_nano.a(libc_a-lock.o)
                0x0800740e                __retarget_lock_acquire_recursive
 .text.__retarget_lock_release_recursive
                0x08007410        0x2 C:/ST/STM32CubeIDE_1.19.0/STM32CubeIDE/plugins/com.st.stm32cube.ide.mcu.externaltools.gnu-tools-for-stm32.13.3.rel1.win32_1.0.0.202411081344/tools/bin/../lib/gcc/arm-none-eabi/13.3.1/../../../../arm-none-eabi/lib/thumb/v7e-m+fp/hard\libc_nano.a(libc_a-lock.o)
                0x08007410                __retarget_lock_release_recursive
 .text.strcpy   0x08007412       0x10 C:/ST/STM32CubeIDE_1.19.0/STM32CubeIDE/plugins/com.st.stm32cube.ide.mcu.externaltools.gnu-tools-for-stm32.13.3.rel1.win32_1.0.0.202411081344/tools/bin/../lib/gcc/arm-none-eabi/13.3.1/../../../../arm-none-eabi/lib/thumb/v7e-m+fp/hard\libc_nano.a(libc_a-strcpy.o)
                0x08007412                strcpy
 .text.memcpy   0x08007422       0x1c C:/ST/STM32CubeIDE_1.19.0/STM32CubeIDE/plugins/com.st.stm32cube.ide.mcu.externaltools.gnu-tools-for-stm32.13.3.rel1.win32_1.0.0.202411081344/tools/bin/../lib/gcc/arm-none-eabi/13.3.1/../../../../arm-none-eabi/lib/thumb/v7e-m+fp/hard\libc_nano.a(libc_a-memcpy-stub.o)
                0x08007422                memcpy
 *fill*         0x0800743e        0x2 
 .text.__assert_func
                0x08007440       0x3c C:/ST/STM32CubeIDE_1.19.0/STM32CubeIDE/plugins/com.st.stm32cube.ide.mcu.externaltools.gnu-tools-for-stm32.13.3.rel1.win32_1.0.0.202411081344/tools/bin/../lib/gcc/arm-none-eabi/13.3.1/../../../../arm-none-eabi/lib/thumb/v7e-m+fp/hard\libc_nano.a(libc_a-assert.o)
                0x08007440                __assert_func
 .text._free_r  0x0800747c       0x94 C:/ST/STM32CubeIDE_1.19.0/STM32CubeIDE/plugins/com.st.stm32cube.ide.mcu.externaltools.gnu-tools-for-stm32.13.3.rel1.win32_1.0.0.202411081344/tools/bin/../lib/gcc/arm-none-eabi/13.3.1/../../../../arm-none-eabi/lib/thumb/v7e-m+fp/hard\libc_nano.a(libc_a-freer.o)
                0x0800747c                _free_r
 .text.malloc   0x08007510       0x10 C:/ST/STM32CubeIDE_1.19.0/STM32CubeIDE/plugins/com.st.stm32cube.ide.mcu.externaltools.gnu-tools-for-stm32.13.3.rel1.win32_1.0.0.202411081344/tools/bin/../lib/gcc/arm-none-eabi/13.3.1/../../../../arm-none-eabi/lib/thumb/v7e-m+fp/hard\libc_nano.a(libc_a-malloc.o)
                0x08007510                malloc
 .text.sbrk_aligned
                0x08007520       0x44 C:/ST/STM32CubeIDE_1.19.0/STM32CubeIDE/plugins/com.st.stm32cube.ide.mcu.externaltools.gnu-tools-for-stm32.13.3.rel1.win32_1.0.0.202411081344/tools/bin/../lib/gcc/arm-none-eabi/13.3.1/../../../../arm-none-eabi/lib/thumb/v7e-m+fp/hard\libc_nano.a(libc_a-mallocr.o)
 .text._malloc_r
                0x08007564      0x100 C:/ST/STM32CubeIDE_1.19.0/STM32CubeIDE/plugins/com.st.stm32cube.ide.mcu.externaltools.gnu-tools-for-stm32.13.3.rel1.win32_1.0.0.202411081344/tools/bin/../lib/gcc/arm-none-eabi/13.3.1/../../../../arm-none-eabi/lib/thumb/v7e-m+fp/hard\libc_nano.a(libc_a-mallocr.o)
                0x08007564                _malloc_r
 .text.__malloc_lock
                0x08007664        0xc C:/ST/STM32CubeIDE_1.19.0/STM32CubeIDE/plugins/com.st.stm32cube.ide.mcu.externaltools.gnu-tools-for-stm32.13.3.rel1.win32_1.0.0.202411081344/tools/bin/../lib/gcc/arm-none-eabi/13.3.1/../../../../arm-none-eabi/lib/thumb/v7e-m+fp/hard\libc_nano.a(libc_a-mlock.o)
                0x08007664                __malloc_lock
 .text.__malloc_unlock
                0x08007670        0xc C:/ST/STM32CubeIDE_1.19.0/STM32CubeIDE/plugins/com.st.stm32cube.ide.mcu.externaltools.gnu-tools-for-stm32.13.3.rel1.win32_1.0.0.202411081344/tools/bin/../lib/gcc/arm-none-eabi/13.3.1/../../../../arm-none-eabi/lib/thumb/v7e-m+fp/hard\libc_nano.a(libc_a-mlock.o)
                0x08007670                __malloc_unlock
 .text.__ssputs_r
                0x0800767c       0xb6 C:/ST/STM32CubeIDE_1.19.0/STM32CubeIDE/plugins/com.st.stm32cube.ide.mcu.externaltools.gnu-tools-for-stm32.13.3.rel1.win32_1.0.0.202411081344/tools/bin/../lib/gcc/arm-none-eabi/13.3.1/../../../../arm-none-eabi/lib/thumb/v7e-m+fp/hard\libc_nano.a(libc_a-nano-svfprintf.o)
                0x0800767c                __ssputs_r
 *fill*         0x08007732        0x2 
 .text._svfprintf_r
                0x08007734      0x1f8 C:/ST/STM32CubeIDE_1.19.0/STM32CubeIDE/plugins/com.st.stm32cube.ide.mcu.externaltools.gnu-tools-for-stm32.13.3.rel1.win32_1.0.0.202411081344/tools/bin/../lib/gcc/arm-none-eabi/13.3.1/../../../../arm-none-eabi/lib/thumb/v7e-m+fp/hard\libc_nano.a(libc_a-nano-svfprintf.o)
                0x08007734                _svfiprintf_r
                0x08007734                _svfprintf_r
 .text._sungetc_r
                0x0800792c       0x7a C:/ST/STM32CubeIDE_1.19.0/STM32CubeIDE/plugins/com.st.stm32cube.ide.mcu.externaltools.gnu-tools-for-stm32.13.3.rel1.win32_1.0.0.202411081344/tools/bin/../lib/gcc/arm-none-eabi/13.3.1/../../../../arm-none-eabi/lib/thumb/v7e-m+fp/hard\libc_nano.a(libc_a-nano-svfscanf.o)
                0x0800792c                _sungetc_r
 .text.__ssrefill_r
                0x080079a6       0x3a C:/ST/STM32CubeIDE_1.19.0/STM32CubeIDE/plugins/com.st.stm32cube.ide.mcu.externaltools.gnu-tools-for-stm32.13.3.rel1.win32_1.0.0.202411081344/tools/bin/../lib/gcc/arm-none-eabi/13.3.1/../../../../arm-none-eabi/lib/thumb/v7e-m+fp/hard\libc_nano.a(libc_a-nano-svfscanf.o)
                0x080079a6                __ssrefill_r
 .text.__ssvfscanf_r
                0x080079e0      0x2ec C:/ST/STM32CubeIDE_1.19.0/STM32CubeIDE/plugins/com.st.stm32cube.ide.mcu.externaltools.gnu-tools-for-stm32.13.3.rel1.win32_1.0.0.202411081344/tools/bin/../lib/gcc/arm-none-eabi/13.3.1/../../../../arm-none-eabi/lib/thumb/v7e-m+fp/hard\libc_nano.a(libc_a-nano-svfscanf.o)
                0x080079e0                __ssvfiscanf_r
                0x080079e0                __ssvfscanf_r
 .text._printf_common
                0x08007ccc       0xda C:/ST/STM32CubeIDE_1.19.0/STM32CubeIDE/plugins/com.st.stm32cube.ide.mcu.externaltools.gnu-tools-for-stm32.13.3.rel1.win32_1.0.0.202411081344/tools/bin/../lib/gcc/arm-none-eabi/13.3.1/../../../../arm-none-eabi/lib/thumb/v7e-m+fp/hard\libc_nano.a(libc_a-nano-vfprintf_i.o)
                0x08007ccc                _printf_common
 *fill*         0x08007da6        0x2 
 .text._printf_i
                0x08007da8      0x23c C:/ST/STM32CubeIDE_1.19.0/STM32CubeIDE/plugins/com.st.stm32cube.ide.mcu.externaltools.gnu-tools-for-stm32.13.3.rel1.win32_1.0.0.202411081344/tools/bin/../lib/gcc/arm-none-eabi/13.3.1/../../../../arm-none-eabi/lib/thumb/v7e-m+fp/hard\libc_nano.a(libc_a-nano-vfprintf_i.o)
                0x08007da8                _printf_i
 .text._scanf_chars
                0x08007fe4       0xb4 C:/ST/STM32CubeIDE_1.19.0/STM32CubeIDE/plugins/com.st.stm32cube.ide.mcu.externaltools.gnu-tools-for-stm32.13.3.rel1.win32_1.0.0.202411081344/tools/bin/../lib/gcc/arm-none-eabi/13.3.1/../../../../arm-none-eabi/lib/thumb/v7e-m+fp/hard\libc_nano.a(libc_a-nano-vfscanf_i.o)
                0x08007fe4                _scanf_chars
 .text._scanf_i
                0x08008098      0x1e8 C:/ST/STM32CubeIDE_1.19.0/STM32CubeIDE/plugins/com.st.stm32cube.ide.mcu.externaltools.gnu-tools-for-stm32.13.3.rel1.win32_1.0.0.202411081344/tools/bin/../lib/gcc/arm-none-eabi/13.3.1/../../../../arm-none-eabi/lib/thumb/v7e-m+fp/hard\libc_nano.a(libc_a-nano-vfscanf_i.o)
                0x08008098                _scanf_i
 .text.__sflush_r
                0x08008280      0x108 C:/ST/STM32CubeIDE_1.19.0/STM32CubeIDE/plugins/com.st.stm32cube.ide.mcu.externaltools.gnu-tools-for-stm32.13.3.rel1.win32_1.0.0.202411081344/tools/bin/../lib/gcc/arm-none-eabi/13.3.1/../../../../arm-none-eabi/lib/thumb/v7e-m+fp/hard\libc_nano.a(libc_a-fflush.o)
                0x08008280                __sflush_r
 .text._fflush_r
                0x08008388       0x50 C:/ST/STM32CubeIDE_1.19.0/STM32CubeIDE/plugins/com.st.stm32cube.ide.mcu.externaltools.gnu-tools-for-stm32.13.3.rel1.win32_1.0.0.202411081344/tools/bin/../lib/gcc/arm-none-eabi/13.3.1/../../../../arm-none-eabi/lib/thumb/v7e-m+fp/hard\libc_nano.a(libc_a-fflush.o)
                0x08008388                _fflush_r
 .text.fprintf  0x080083d8       0x24 C:/ST/STM32CubeIDE_1.19.0/STM32CubeIDE/plugins/com.st.stm32cube.ide.mcu.externaltools.gnu-tools-for-stm32.13.3.rel1.win32_1.0.0.202411081344/tools/bin/../lib/gcc/arm-none-eabi/13.3.1/../../../../arm-none-eabi/lib/thumb/v7e-m+fp/hard\libc_nano.a(libc_a-fprintf.o)
                0x080083d8                fiprintf
                0x080083d8                fprintf
 .text.__sccl   0x080083fc       0x72 C:/ST/STM32CubeIDE_1.19.0/STM32CubeIDE/plugins/com.st.stm32cube.ide.mcu.externaltools.gnu-tools-for-stm32.13.3.rel1.win32_1.0.0.202411081344/tools/bin/../lib/gcc/arm-none-eabi/13.3.1/../../../../arm-none-eabi/lib/thumb/v7e-m+fp/hard\libc_nano.a(libc_a-sccl.o)
                0x080083fc                __sccl
 .text.__submore
                0x0800846e       0x74 C:/ST/STM32CubeIDE_1.19.0/STM32CubeIDE/plugins/com.st.stm32cube.ide.mcu.externaltools.gnu-tools-for-stm32.13.3.rel1.win32_1.0.0.202411081344/tools/bin/../lib/gcc/arm-none-eabi/13.3.1/../../../../arm-none-eabi/lib/thumb/v7e-m+fp/hard\libc_nano.a(libc_a-ungetc.o)
                0x0800846e                __submore
 .text.memmove  0x080084e2       0x34 C:/ST/STM32CubeIDE_1.19.0/STM32CubeIDE/plugins/com.st.stm32cube.ide.mcu.externaltools.gnu-tools-for-stm32.13.3.rel1.win32_1.0.0.202411081344/tools/bin/../lib/gcc/arm-none-eabi/13.3.1/../../../../arm-none-eabi/lib/thumb/v7e-m+fp/hard\libc_nano.a(libc_a-memmove.o)
                0x080084e2                memmove
 *fill*         0x08008516        0x2 
 .text._sbrk_r  0x08008518       0x20 C:/ST/STM32CubeIDE_1.19.0/STM32CubeIDE/plugins/com.st.stm32cube.ide.mcu.externaltools.gnu-tools-for-stm32.13.3.rel1.win32_1.0.0.202411081344/tools/bin/../lib/gcc/arm-none-eabi/13.3.1/../../../../arm-none-eabi/lib/thumb/v7e-m+fp/hard\libc_nano.a(libc_a-sbrkr.o)
                0x08008518                _sbrk_r
 .text.abort    0x08008538        0xe C:/ST/STM32CubeIDE_1.19.0/STM32CubeIDE/plugins/com.st.stm32cube.ide.mcu.externaltools.gnu-tools-for-stm32.13.3.rel1.win32_1.0.0.202411081344/tools/bin/../lib/gcc/arm-none-eabi/13.3.1/../../../../arm-none-eabi/lib/thumb/v7e-m+fp/hard\libc_nano.a(libc_a-abort.o)
                0x08008538                abort
 .text._realloc_r
                0x08008546       0x5c C:/ST/STM32CubeIDE_1.19.0/STM32CubeIDE/plugins/com.st.stm32cube.ide.mcu.externaltools.gnu-tools-for-stm32.13.3.rel1.win32_1.0.0.202411081344/tools/bin/../lib/gcc/arm-none-eabi/13.3.1/../../../../arm-none-eabi/lib/thumb/v7e-m+fp/hard\libc_nano.a(libc_a-reallocr.o)
                0x08008546                _realloc_r
 *fill*         0x080085a2        0x2 
 .text._strtol_l.isra.0
                0x080085a4       0xf4 C:/ST/STM32CubeIDE_1.19.0/STM32CubeIDE/plugins/com.st.stm32cube.ide.mcu.externaltools.gnu-tools-for-stm32.13.3.rel1.win32_1.0.0.202411081344/tools/bin/../lib/gcc/arm-none-eabi/13.3.1/../../../../arm-none-eabi/lib/thumb/v7e-m+fp/hard\libc_nano.a(libc_a-strtol.o)
 .text._strtol_r
                0x08008698        0x4 C:/ST/STM32CubeIDE_1.19.0/STM32CubeIDE/plugins/com.st.stm32cube.ide.mcu.externaltools.gnu-tools-for-stm32.13.3.rel1.win32_1.0.0.202411081344/tools/bin/../lib/gcc/arm-none-eabi/13.3.1/../../../../arm-none-eabi/lib/thumb/v7e-m+fp/hard\libc_nano.a(libc_a-strtol.o)
                0x08008698                _strtol_r
 .text._strtoul_l.isra.0
                0x0800869c       0xdc C:/ST/STM32CubeIDE_1.19.0/STM32CubeIDE/plugins/com.st.stm32cube.ide.mcu.externaltools.gnu-tools-for-stm32.13.3.rel1.win32_1.0.0.202411081344/tools/bin/../lib/gcc/arm-none-eabi/13.3.1/../../../../arm-none-eabi/lib/thumb/v7e-m+fp/hard\libc_nano.a(libc_a-strtoul.o)
 .text._strtoul_r
                0x08008778        0x4 C:/ST/STM32CubeIDE_1.19.0/STM32CubeIDE/plugins/com.st.stm32cube.ide.mcu.externaltools.gnu-tools-for-stm32.13.3.rel1.win32_1.0.0.202411081344/tools/bin/../lib/gcc/arm-none-eabi/13.3.1/../../../../arm-none-eabi/lib/thumb/v7e-m+fp/hard\libc_nano.a(libc_a-strtoul.o)
                0x08008778                _strtoul_r
 .text.__sfputc_r
                0x0800877c       0x2e C:/ST/STM32CubeIDE_1.19.0/STM32CubeIDE/plugins/com.st.stm32cube.ide.mcu.externaltools.gnu-tools-for-stm32.13.3.rel1.win32_1.0.0.202411081344/tools/bin/../lib/gcc/arm-none-eabi/13.3.1/../../../../arm-none-eabi/lib/thumb/v7e-m+fp/hard\libc_nano.a(libc_a-nano-vfprintf.o)
 .text.__sfputs_r
                0x080087aa       0x24 C:/ST/STM32CubeIDE_1.19.0/STM32CubeIDE/plugins/com.st.stm32cube.ide.mcu.externaltools.gnu-tools-for-stm32.13.3.rel1.win32_1.0.0.202411081344/tools/bin/../lib/gcc/arm-none-eabi/13.3.1/../../../../arm-none-eabi/lib/thumb/v7e-m+fp/hard\libc_nano.a(libc_a-nano-vfprintf.o)
                0x080087aa                __sfputs_r
 *fill*         0x080087ce        0x2 
 .text._vfprintf_r
                0x080087d0      0x230 C:/ST/STM32CubeIDE_1.19.0/STM32CubeIDE/plugins/com.st.stm32cube.ide.mcu.externaltools.gnu-tools-for-stm32.13.3.rel1.win32_1.0.0.202411081344/tools/bin/../lib/gcc/arm-none-eabi/13.3.1/../../../../arm-none-eabi/lib/thumb/v7e-m+fp/hard\libc_nano.a(libc_a-nano-vfprintf.o)
                0x080087d0                _vfprintf_r
                0x080087d0                _vfiprintf_r
 .text.__swbuf_r
                0x08008a00       0x7c C:/ST/STM32CubeIDE_1.19.0/STM32CubeIDE/plugins/com.st.stm32cube.ide.mcu.externaltools.gnu-tools-for-stm32.13.3.rel1.win32_1.0.0.202411081344/tools/bin/../lib/gcc/arm-none-eabi/13.3.1/../../../../arm-none-eabi/lib/thumb/v7e-m+fp/hard\libc_nano.a(libc_a-wbuf.o)
                0x08008a00                __swbuf_r
 .text.__swsetup_r
                0x08008a7c       0xac C:/ST/STM32CubeIDE_1.19.0/STM32CubeIDE/plugins/com.st.stm32cube.ide.mcu.externaltools.gnu-tools-for-stm32.13.3.rel1.win32_1.0.0.202411081344/tools/bin/../lib/gcc/arm-none-eabi/13.3.1/../../../../arm-none-eabi/lib/thumb/v7e-m+fp/hard\libc_nano.a(libc_a-wsetup.o)
                0x08008a7c                __swsetup_r
 .text._raise_r
                0x08008b28       0x50 C:/ST/STM32CubeIDE_1.19.0/STM32CubeIDE/plugins/com.st.stm32cube.ide.mcu.externaltools.gnu-tools-for-stm32.13.3.rel1.win32_1.0.0.202411081344/tools/bin/../lib/gcc/arm-none-eabi/13.3.1/../../../../arm-none-eabi/lib/thumb/v7e-m+fp/hard\libc_nano.a(libc_a-signal.o)
                0x08008b28                _raise_r
 .text.raise    0x08008b78       0x10 C:/ST/STM32CubeIDE_1.19.0/STM32CubeIDE/plugins/com.st.stm32cube.ide.mcu.externaltools.gnu-tools-for-stm32.13.3.rel1.win32_1.0.0.202411081344/tools/bin/../lib/gcc/arm-none-eabi/13.3.1/../../../../arm-none-eabi/lib/thumb/v7e-m+fp/hard\libc_nano.a(libc_a-signal.o)
                0x08008b78                raise
 .text._kill_r  0x08008b88       0x24 C:/ST/STM32CubeIDE_1.19.0/STM32CubeIDE/plugins/com.st.stm32cube.ide.mcu.externaltools.gnu-tools-for-stm32.13.3.rel1.win32_1.0.0.202411081344/tools/bin/../lib/gcc/arm-none-eabi/13.3.1/../../../../arm-none-eabi/lib/thumb/v7e-m+fp/hard\libc_nano.a(libc_a-signalr.o)
                0x08008b88                _kill_r
 .text._getpid_r
                0x08008bac        0x4 C:/ST/STM32CubeIDE_1.19.0/STM32CubeIDE/plugins/com.st.stm32cube.ide.mcu.externaltools.gnu-tools-for-stm32.13.3.rel1.win32_1.0.0.202411081344/tools/bin/../lib/gcc/arm-none-eabi/13.3.1/../../../../arm-none-eabi/lib/thumb/v7e-m+fp/hard\libc_nano.a(libc_a-signalr.o)
                0x08008bac                _getpid_r
 .text._malloc_usable_size_r
                0x08008bb0       0x10 C:/ST/STM32CubeIDE_1.19.0/STM32CubeIDE/plugins/com.st.stm32cube.ide.mcu.externaltools.gnu-tools-for-stm32.13.3.rel1.win32_1.0.0.202411081344/tools/bin/../lib/gcc/arm-none-eabi/13.3.1/../../../../arm-none-eabi/lib/thumb/v7e-m+fp/hard\libc_nano.a(libc_a-msizer.o)
                0x08008bb0                _malloc_usable_size_r
 .text.__swhatbuf_r
                0x08008bc0       0x4c C:/ST/STM32CubeIDE_1.19.0/STM32CubeIDE/plugins/com.st.stm32cube.ide.mcu.externaltools.gnu-tools-for-stm32.13.3.rel1.win32_1.0.0.202411081344/tools/bin/../lib/gcc/arm-none-eabi/13.3.1/../../../../arm-none-eabi/lib/thumb/v7e-m+fp/hard\libc_nano.a(libc_a-makebuf.o)
                0x08008bc0                __swhatbuf_r
 .text.__smakebuf_r
                0x08008c0c       0x78 C:/ST/STM32CubeIDE_1.19.0/STM32CubeIDE/plugins/com.st.stm32cube.ide.mcu.externaltools.gnu-tools-for-stm32.13.3.rel1.win32_1.0.0.202411081344/tools/bin/../lib/gcc/arm-none-eabi/13.3.1/../../../../arm-none-eabi/lib/thumb/v7e-m+fp/hard\libc_nano.a(libc_a-makebuf.o)
                0x08008c0c                __smakebuf_r
 .text._fstat_r
                0x08008c84       0x24 C:/ST/STM32CubeIDE_1.19.0/STM32CubeIDE/plugins/com.st.stm32cube.ide.mcu.externaltools.gnu-tools-for-stm32.13.3.rel1.win32_1.0.0.202411081344/tools/bin/../lib/gcc/arm-none-eabi/13.3.1/../../../../arm-none-eabi/lib/thumb/v7e-m+fp/hard\libc_nano.a(libc_a-fstatr.o)
                0x08008c84                _fstat_r
 .text._isatty_r
                0x08008ca8       0x20 C:/ST/STM32CubeIDE_1.19.0/STM32CubeIDE/plugins/com.st.stm32cube.ide.mcu.externaltools.gnu-tools-for-stm32.13.3.rel1.win32_1.0.0.202411081344/tools/bin/../lib/gcc/arm-none-eabi/13.3.1/../../../../arm-none-eabi/lib/thumb/v7e-m+fp/hard\libc_nano.a(libc_a-isattyr.o)
                0x08008ca8                _isatty_r
 *(.glue_7)
 .glue_7        0x08008cc8        0x0 linker stubs
 *(.glue_7t)
 .glue_7t       0x08008cc8        0x0 linker stubs
 *(.eh_frame)
 .eh_frame      0x08008cc8        0x0 C:/ST/STM32CubeIDE_1.19.0/STM32CubeIDE/plugins/com.st.stm32cube.ide.mcu.externaltools.gnu-tools-for-stm32.13.3.rel1.win32_1.0.0.202411081344/tools/bin/../lib/gcc/arm-none-eabi/13.3.1/thumb/v7e-m+fp/hard/crtbegin.o
 *(.init)
 .init          0x08008cc8        0x4 C:/ST/STM32CubeIDE_1.19.0/STM32CubeIDE/plugins/com.st.stm32cube.ide.mcu.externaltools.gnu-tools-for-stm32.13.3.rel1.win32_1.0.0.202411081344/tools/bin/../lib/gcc/arm-none-eabi/13.3.1/thumb/v7e-m+fp/hard/crti.o
                0x08008cc8                _init
 .init          0x08008ccc        0x8 C:/ST/STM32CubeIDE_1.19.0/STM32CubeIDE/plugins/com.st.stm32cube.ide.mcu.externaltools.gnu-tools-for-stm32.13.3.rel1.win32_1.0.0.202411081344/tools/bin/../lib/gcc/arm-none-eabi/13.3.1/thumb/v7e-m+fp/hard/crtn.o
 *(.fini)
 .fini          0x08008cd4        0x4 C:/ST/STM32CubeIDE_1.19.0/STM32CubeIDE/plugins/com.st.stm32cube.ide.mcu.externaltools.gnu-tools-for-stm32.13.3.rel1.win32_1.0.0.202411081344/tools/bin/../lib/gcc/arm-none-eabi/13.3.1/thumb/v7e-m+fp/hard/crti.o
                0x08008cd4                _fini
 .fini          0x08008cd8        0x8 C:/ST/STM32CubeIDE_1.19.0/STM32CubeIDE/plugins/com.st.stm32cube.ide.mcu.externaltools.gnu-tools-for-stm32.13.3.rel1.win32_1.0.0.202411081344/tools/bin/../lib/gcc/arm-none-eabi/13.3.1/thumb/v7e-m+fp/hard/crtn.o
                0x08008ce0                        . = ALIGN (0x4)
                0x08008ce0                        _etext = .

.vfp11_veneer   0x08008ce0        0x0
 .vfp11_veneer  0x08008ce0        0x0 linker stubs

.v4_bx          0x08008ce0        0x0
 .v4_bx         0x08008ce0        0x0 linker stubs

.iplt           0x08008ce0        0x0
 .iplt          0x08008ce0        0x0 C:/ST/STM32CubeIDE_1.19.0/STM32CubeIDE/plugins/com.st.stm32cube.ide.mcu.externaltools.gnu-tools-for-stm32.13.3.rel1.win32_1.0.0.202411081344/tools/bin/../lib/gcc/arm-none-eabi/13.3.1/thumb/v7e-m+fp/hard/crtbegin.o

.rodata         0x08008ce0      0x56c
                0x08008ce0                        . = ALIGN (0x4)
 *(.rodata)
 .rodata        0x08008ce0        0xc C:/ST/STM32CubeIDE_1.19.0/STM32CubeIDE/plugins/com.st.stm32cube.ide.mcu.externaltools.gnu-tools-for-stm32.13.3.rel1.win32_1.0.0.202411081344/tools/bin/../lib/gcc/arm-none-eabi/13.3.1/../../../../arm-none-eabi/lib/thumb/v7e-m+fp/hard\libc_nano.a(libc_a-nano-vfscanf_i.o)
 *(.rodata*)
 .rodata.eqStatusMonitor.str1.1
                0x08008cec      0x350 ./App/Src/mErrorHandle.o
                                 0x1b (size before relaxing)
 .rodata.sendButtonStateChange.str1.1
                0x0800903c        0xc ./App/Src/mGPIO.o
 .rodata.checkAndSendInputChanges.str1.1
                0x0800903c       0x4c ./App/Src/mGPIO.o
 .rodata.IAIMovingHandled.str1.1
                0x0800903c       0x23 ./App/Src/mIAI.o
 .rodata.processCommand.str1.1
                0x0800903c       0xd3 ./App/Src/mRS232.o
 .rodata.getCmdHandle.str1.1
                0x0800903c       0x57 ./App/Src/mRS232.o
 .rodata.str1.1
                0x0800903c       0x45 ./Core/Src/main.o
 .rodata.mTaskIAI_attributes
                0x0800903c       0x24 ./Core/Src/main.o
                0x0800903c                mTaskIAI_attributes
 .rodata.mTaskIAIZ_attributes
                0x08009060       0x24 ./Core/Src/main.o
                0x08009060                mTaskIAIZ_attributes
 .rodata.mTaskIAIY_attributes
                0x08009084       0x24 ./Core/Src/main.o
                0x08009084                mTaskIAIY_attributes
 .rodata.myTaskCOM_attributes
                0x080090a8       0x24 ./Core/Src/main.o
                0x080090a8                myTaskCOM_attributes
 .rodata.mTaskIAIX_attributes
                0x080090cc       0x24 ./Core/Src/main.o
                0x080090cc                mTaskIAIX_attributes
 .rodata.mTaskGPIO_attributes
                0x080090f0       0x24 ./Core/Src/main.o
                0x080090f0                mTaskGPIO_attributes
 .rodata.mTaskFlow_attributes
                0x08009114       0x24 ./Core/Src/main.o
                0x08009114                mTaskFlow_attributes
 .rodata.AHBPrescTable
                0x08009138       0x10 ./Core/Src/system_stm32f4xx.o
                0x08009138                AHBPrescTable
 .rodata.vTaskStartScheduler.str1.1
                0x08009148        0x5 ./Middlewares/Third_Party/FreeRTOS/Source/tasks.o
 .rodata.prvCheckForValidListAndQueue.str1.1